Case #1: 
GGG
CCC
JJJ
Case #2: 
CODE
JJAM
JJAM
Case #3: 
CA
KE
Case #4: 
A
Case #5: 
AAAAAAAABBBBBBBBBBBBBBBBB
AAAAAAAABBBBBBBBBBBBBBBBB
AAAAAAAABBBBBBBBBBBBBBBBB
AAAAAAAABBBBBBBBBBBBBBBBB
AAAAAAAABBBBBBBBBBBBBBBBB
AAAAAAAABBBBBBBBBBBBBBBBB
AAAAAAAABBBBBBBBBBBBBBBBB
AAAAAAAABBBBBBBBBBBBBBBBB
AAAAAAAABBBBBBBBBBBBBBBBB
CCCCCCCCCCCCCCCCCCCCCCCCC
DDDDDDDDDDDDDDDDDDDDDDDDD
EEEEEEEEEEEEEEEEEEEEEEEEE
FFFFFFFFFFFFFFFFFHHHHHHHH
FFFFFFFFFFFFFFFFFHHHHHHHH
FFFFFFFFFFFFFFFFFHHHHHHHH
FFFFFFFFFFFFFFFFFHHHHHHHH
FFFFFFFFFFFFFFFFFHHHHHHHH
FFFFFFFFFFFFFFFFFHHHHHHHH
FFFFFFFFFFFFFFFFFHHHHHHHH
FFFFFFFFFFFFFFFFFHHHHHHHH
JJJJJJJJJJJJJJJJJJJJJJJJJ
GGGGGGGGGGGGGGGGGGIIIIIII
GGGGGGGGGGGGGGGGGGIIIIIII
GGGGGGGGGGGGGGGGGGIIIIIII
GGGGGGGGGGGGGGGGGGIIIIIII
Case #6: 
GGGGGGGGGGGGGGGGGGGGGGGGG
YYYYYYYYYYYYYYYYYYYYYYYYY
NNNNNNNNNNNNNNNNNNNNNNNNN
NNNNNNNNNNNNNNNNNNNNNNNNN
BBBBBBBBBBBBBBBQQQMMMLLLL
BBBBBBBBBBBBBBBQQQMMMLLLL
FFFFFFFFFFFFFFFFFFFFFFFFF
FFFFFFFFFFFFFFFFFFFFFFFFF
OOVVVVVVAAAAZZZZIIIIIIIII
OOVVVVVVAAAAZZZZIIIIIIIII
PPPPPPPPPPPPPPPPPPPPPRRRR
PPPPPPPPPPPPPPPPPPPPPRRRR
PPPPPPPPPPPPPPPPPPPPPRRRR
XXXXXXXXXXXXXXXXXXXXXXXXX
EEEEEEEEEEEEEEEEEEEEEEEEE
KKKKKKKKKWWWWWWWWWWWWWWWW
KKKKKKKKKWWWWWWWWWWWWWWWW
KKKKKKKKKWWWWWWWWWWWWWWWW
KKKKKKKKKWWWWWWWWWWWWWWWW
DDDDDDDDDDDDDDDDDDDDDUUUU
JJJJJJJTTTTTTTTTTTTTTTTTT
HHHHHHHHHHHHHHHHHHHHHHHHH
CCCCCCCCCCCCCCCCCCCCCCCCC
CCCCCCCCCCCCCCCCCCCCCCCCC
SSSSSSSSSSSSSSSSSSSSSSSSS
Case #7: 
BBBBBBBBBBBRRRRRRRRRRRRRR
BBBBBBBBBBBRRRRRRRRRRRRRR
UUUUUUUUUUUUUUUUUUUUUUUUU
YYYYYYYYYYYYYYYYYYQQQQQQQ
YYYYYYYYYYYYYYYYYYQQQQQQQ
JJJJJJJJJJJJJJJJJJJJJJJJJ
GGGGGGGGGGGGGGGGGGGGGGGGG
GGGGGGGGGGGGGGGGGGGGGGGGG
GGGGGGGGGGGGGGGGGGGGGGGGG
HHHHHHHHHHHHHHHHHHHHHHHHH
IIIIIIIIIIIIIIIIIIIIIIIII
AAAAAAAAAAAAAAAAAAAAAAAEE
AAAAAAAAAAAAAAAAAAAAAAAEE
MMMMMMMMMMMMMMMMMMMMMMMMM
MMMMMMMMMMMMMMMMMMMMMMMMM
LLLLLLNNNNNNNNNNNNNNNNTTT
FFFFFFFFFSSSSSSSSSSSSSSSS
DDDDWWWWWWWWWWWWWWWWWWWWW
CCCCCCCCCCCCCCCCCCCCCCCCC
VVVVVVVXXXXXXXXXXXXXXXXXX
PPPPPPPPPPPPPPPPPPPPPPPPP
OOOOOOOOOOOOOOOOOOOOOOOOO
ZZZZZZZZZZZZZZZZZZZZZZZZZ
KKKKKKKKKKKKKKKKKKKKKKKKK
KKKKKKKKKKKKKKKKKKKKKKKKK
Case #8: 
BB
AA
Case #9: 
KKKKKKKKKKKKKKKKKKKKKKKKK
KKKKKKKKKKKKKKKKKKKKKKKKK
CCCCCCCCCCCCCCCCCCCCCCCCC
AAAAAAAAAAAAAAAAAAAAAJJEG
AAAAAAAAAAAAAAAAAAAAAJJEG
MMMMMMMMMMMMMMMMMMMMMMMMM
QQQQQQQQQQQQQQQQQFFFHHBBU
QQQQQQQQQQQQQQQQQFFFHHBBU
VVVVVVVVVVVVVVVVVVVVVPPPP
SSSSSSSSSSSSSNNNNNNNIYLTT
WWWWWWWWWWWWWWWWWWWWWWWXX
WWWWWWWWWWWWWWWWWWWWWWWXX
ZZZZZZZZZZZZZZZZZZZZZZZZZ
DDDDDDDDDDDDDDDDDDDDDDDDD
DDDDDDDDDDDDDDDDDDDDDDDDD
OOOOOOOOOOOOOOOOOOOOOOOOO
RRRRRRRRRRRRRRRRRRRRRRRRR
RRRRRRRRRRRRRRRRRRRRRRRRR
RRRRRRRRRRRRRRRRRRRRRRRRR
RRRRRRRRRRRRRRRRRRRRRRRRR
RRRRRRRRRRRRRRRRRRRRRRRRR
RRRRRRRRRRRRRRRRRRRRRRRRR
RRRRRRRRRRRRRRRRRRRRRRRRR
RRRRRRRRRRRRRRRRRRRRRRRRR
RRRRRRRRRRRRRRRRRRRRRRRRR
Case #10: 
GGGGGGGGGGGGGGGGGGGGGGGGG
XXXXXXXXXXXXXXXXXXXXXXUUU
TTTTJJJJJJJJJJJJJJJJJJJJJ
QQQQQQQQQQQQQQQQQQQQQQQQQ
QQQQQQQQQQQQQQQQQQQQQQQQQ
ZZZZZZZZZZZZZZZZZZZZZZZZZ
MMMMMMMMMMMMMMMMMMMMMAAAA
MMMMMMMMMMMMMMMMMMMMMAAAA
HHHHHHHHHHHHHHHHHHHHHHHHH
SSSSSSSSSSSSPPPPPPPPPPPPP
IIIIIIIIIIIFFFFFFFFFFFFFF
LLLLLLLLLLLLLVVVVVVVVVVVV
CCCCCCCCCCCCCCCCCCCCCCCCC
WWWWWWWWWWWWWWWWWWWWWWWWW
WWWWWWWWWWWWWWWWWWWWWWWWW
WWWWWWWWWWWWWWWWWWWWWWWWW
WWWWWWWWWWWWWWWWWWWWWWWWW
WWWWWWWWWWWWWWWWWWWWWWWWW
WWWWWWWWWWWWWWWWWWWWWWWWW
OOOOOOOOOOOOOOOOOOODDDDDD
YYYYYYYYYYYYYYYYYYYYYYYYY
NNNNNNNNNNNNNNNNNNKKKKKKK
BBBBBBBBBBBEEEEEEEEEEEEEE
BBBBBBBBBBBEEEEEEEEEEEEEE
RRRRRRRRRRRRRRRRRRRRRRRRR
Case #11: 
AAAAAAAAAAAAAAAAAAAAAAAAA
BBBBBBBBBBBBBBBBBBBBBBBBB
CCCCCCCCCCCCCCCCCCCCCCCCC
DDDDDDDDDDDDDDDDDDDDDDDDD
EEEEEEEEEEEEEEEEEEEEEEEEE
FFFFFFFFFFFFFFFFFFFFFFFFF
GGGGGGGGGGGGGGGGGGGGGGGGG
HHHHHHHHHHHHHHHHHHHHHHHHH
IIIIIIIIIIIIIIIIIIIIIIIII
JJJJJJJJJJJJJJJJJJJJJJJJJ
KKKKKKKKKKKKKKKKKKKKKKKKK
LLLLLLLLLLLLLLLLLLLLLLLLL
MMMMMMMMMMMMMMMMMMMMMMMMM
NNNNNNNNNNNNNNNNNNNNNNNNN
OOOOOOOOOOOOOOOOOOOOOOOOO
PPPPPPPPPPPPPPPPPPPPPPPPP
QQQQQQQQQQQQQQQQQQQQQQQQQ
RRRRRRRRRRRRRRRRRRRRRRRRR
SSSSSSSSSSSSSSSSSSSSSSSSS
TTTTTTTTTTTTTTTTTTTTTTTTT
UUUUUUUUUUUUUUUUUUUUUUUUU
VVVVVVVVVVVVVVVVVVVVVVVVV
WWWWWWWWWWWWWWWWWWWWWWWWW
XXXXXXXXXXXXXXXXXXXXXXXXX
YYYYYYYYYYYYYYYYYYYYYYYYY
Case #12: 
AAAAACCCCCCCCCCCCCCCCCCCC
AAAAACCCCCCCCCCCCCCCCCCCC
EEEEEEEEEEEEEEEEEEEEEEEEE
BBBBBBDDDDDDDDDDDDDDDDDDD
BBBBBBDDDDDDDDDDDDDDDDDDD
BBBBBBDDDDDDDDDDDDDDDDDDD
BBBBBBDDDDDDDDDDDDDDDDDDD
FFFFFFFFFFFFFFFFFFFFFFFGG
FFFFFFFFFFFFFFFFFFFFFFFGG
FFFFFFFFFFFFFFFFFFFFFFFGG
FFFFFFFFFFFFFFFFFFFFFFFGG
FFFFFFFFFFFFFFFFFFFFFFFGG
FFFFFFFFFFFFFFFFFFFFFFFGG
FFFFFFFFFFFFFFFFFFFFFFFGG
FFFFFFFFFFFFFFFFFFFFFFFGG
FFFFFFFFFFFFFFFFFFFFFFFGG
FFFFFFFFFFFFFFFFFFFFFFFGG
FFFFFFFFFFFFFFFFFFFFFFFGG
HHHHHHHHHHHHHHHHHHHHHHHHH
IIIIIIIIIIIIIIIIIIIIIIIII
JJJJJJJJJJJJJJJJJJJJJJJJJ
JJJJJJJJJJJJJJJJJJJJJJJJJ
JJJJJJJJJJJJJJJJJJJJJJJJJ
JJJJJJJJJJJJJJJJJJJJJJJJJ
JJJJJJJJJJJJJJJJJJJJJJJJJ
Case #13: 
AAAAAAAAAABBBBBBBBBBBBBBB
AAAAAAAAAABBBBBBBBBBBBBBB
AAAAAAAAAABBBBBBBBBBBBBBB
AAAAAAAAAABBBBBBBBBBBBBBB
AAAAAAAAAABBBBBBBBBBBBBBB
AAAAAAAAAABBBBBBBBBBBBBBB
AAAAAAAAAABBBBBBBBBBBBBBB
AAAAAAAAAABBBBBBBBBBBBBBB
AAAAAAAAAABBBBBBBBBBBBBBB
CCCCCCCCCCCCCCCCCCCCCCCCC
DDDDDDDDDDDDDDDDDDDDDDDDD
EEEEEEEEEEEEEEEEEEEEEEEEE
FFFFFFFFFFFFFFFFFFFFHHHHH
FFFFFFFFFFFFFFFFFFFFHHHHH
JJJJJJJJJJJJJJJJJJJJJJJJJ
GGGGGGGGGGGGGGGGGGGGGIIII
GGGGGGGGGGGGGGGGGGGGGIIII
GGGGGGGGGGGGGGGGGGGGGIIII
GGGGGGGGGGGGGGGGGGGGGIIII
GGGGGGGGGGGGGGGGGGGGGIIII
GGGGGGGGGGGGGGGGGGGGGIIII
GGGGGGGGGGGGGGGGGGGGGIIII
GGGGGGGGGGGGGGGGGGGGGIIII
GGGGGGGGGGGGGGGGGGGGGIIII
GGGGGGGGGGGGGGGGGGGGGIIII
Case #14: 
AAAAAABBBBBBBBBBBBBBBBBBB
AAAAAABBBBBBBBBBBBBBBBBBB
CCCCCCCCCCCCCCCCCCCCCCCCC
DDDDDDDDDDDDDDDDDDDDDDDDD
EEEEEEEEEEEEEEEEEEEEEEEEE
FFFFFFFFFFFFFFFFHHHHHHHHH
FFFFFFFFFFFFFFFFHHHHHHHHH
FFFFFFFFFFFFFFFFHHHHHHHHH
FFFFFFFFFFFFFFFFHHHHHHHHH
FFFFFFFFFFFFFFFFHHHHHHHHH
FFFFFFFFFFFFFFFFHHHHHHHHH
FFFFFFFFFFFFFFFFHHHHHHHHH
FFFFFFFFFFFFFFFFHHHHHHHHH
FFFFFFFFFFFFFFFFHHHHHHHHH
FFFFFFFFFFFFFFFFHHHHHHHHH
FFFFFFFFFFFFFFFFHHHHHHHHH
FFFFFFFFFFFFFFFFHHHHHHHHH
FFFFFFFFFFFFFFFFHHHHHHHHH
JJJJJJJJJJJJJJJJJJJJJJJJJ
GGGGGGGGGGGGGGGGGIIIIIIII
GGGGGGGGGGGGGGGGGIIIIIIII
GGGGGGGGGGGGGGGGGIIIIIIII
GGGGGGGGGGGGGGGGGIIIIIIII
GGGGGGGGGGGGGGGGGIIIIIIII
GGGGGGGGGGGGGGGGGIIIIIIII
Case #15: 
VVVVVVVVVVVVVVVVVVVVVVVVV
KKKKKKKKFFFFFFFFFFFFFFFFF
AAAAAAAPZZZZZZZZZZZZZZZZZ
AAAAAAAPZZZZZZZZZZZZZZZZZ
UUUUUSSQIIIGGGGGGGGGGGGGG
DDDDDYYYRRRRRRRRRRRRRRRRR
NNNNNOOHEELLLLLLLLLLLLLLL
JJJJJJCWWXBBBBBBBBBBBBBBB
MMMMMMMMTTTTTTTTTTTTTTTTT
MMMMMMMMTTTTTTTTTTTTTTTTT
MMMMMMMMTTTTTTTTTTTTTTTTT
MMMMMMMMTTTTTTTTTTTTTTTTT
MMMMMMMMTTTTTTTTTTTTTTTTT
MMMMMMMMTTTTTTTTTTTTTTTTT
MMMMMMMMTTTTTTTTTTTTTTTTT
MMMMMMMMTTTTTTTTTTTTTTTTT
MMMMMMMMTTTTTTTTTTTTTTTTT
MMMMMMMMTTTTTTTTTTTTTTTTT
MMMMMMMMTTTTTTTTTTTTTTTTT
MMMMMMMMTTTTTTTTTTTTTTTTT
MMMMMMMMTTTTTTTTTTTTTTTTT
MMMMMMMMTTTTTTTTTTTTTTTTT
MMMMMMMMTTTTTTTTTTTTTTTTT
MMMMMMMMTTTTTTTTTTTTTTTTT
MMMMMMMMTTTTTTTTTTTTTTTTT
Case #16: 
KKKKKKKKHHHHHHHHHHHIIIII
KKKKKKKKHHHHHHHHHHHIIIII
SSSSSSSSSSSSSSSVVXXXXXXX
SSSSSSSSSSSSSSSVVXXXXXXX
SSSSSSSSSSSSSSSVVXXXXXXX
UUUUUUUUUUUUUUUUMMMMMMMM
WWWWWWWWWWWWWWWWWWWWWWWW
QQQQQQQQQQQQQQQQQQQQQQQQ
FFFFFFFFFFFFFFFFFFFFFFFF
YYYYYYYYYYYYYYYYYYYYYYYY
YYYYYYYYYYYYYYYYYYYYYYYY
DDDDDDDDDDDDDDDDDDDDDDDD
JJJJJJJJJJJJJJJJJJJJJJJJ
RRRRRRRRRRRRRRRRRRRRRRRR
TTTTTTTTTTTTTTTTTTTTTTTT
AAAAAAAAAAPPPPPPPPPPPPPP
AAAAAAAAAAPPPPPPPPPPPPPP
AAAAAAAAAAPPPPPPPPPPPPPP
OOOOOOOOOOOOOOOOOOOOOOOO
NNNNNNNNNNNNNNNNNNNNNNNN
NNNNNNNNNNNNNNNNNNNNNNNN
BBBBBBBBBBBBBBBBBBBBBBBB
BBBBBBBBBBBBBBBBBBBBBBBB
LLLLLLLLLLGEEEEEECCCCCCC
LLLLLLLLLLGEEEEEECCCCCCC
Case #17: 
HHHHHHHHHHHHHHHHHHHHHHHHH
ZZZZZZDDDDDDEEEEEIIIIIIII
CCCCCCCCCCCCCCCCCCCCCCCCC
BBBBBBBBBBBBBBBBBBBBBBBBB
MMMMMMMMMMMMMMMMMMMMMMMMM
RRRRRRRRRRRRRRRRRRRRRRRRR
RRRRRRRRRRRRRRRRRRRRRRRRR
OOOOOOOOOOOOOOOOOOOOOOOOO
OOOOOOOOOOOOOOOOOOOOOOOOO
YYYYYYYYJJJJJJJJJJJJJJJJJ
YYYYYYYYJJJJJJJJJJJJJJJJJ
YYYYYYYYJJJJJJJJJJJJJJJJJ
YYYYYYYYJJJJJJJJJJJJJJJJJ
VVVVVVVVVVVVVVVVVVVVVVVVV
PPPPPPPPPPPPPPPPPPPPPPPPP
PPPPPPPPPPPPPPPPPPPPPPPPP
TTTTTTTTTTTTTTTTTLLLLLLLL
UUUUUUUUUUUUUUUWWWWWWSSSS
XXXXXXXXXXXXXXXXXXXXXXXXX
QQQQQQQQQQQQQQQQQQQQQQQQQ
GGGGGGGGGGGGGGGNNNNNNNNNN
AAAAAAAAAAAAAAAAAAAKKKKKK
AAAAAAAAAAAAAAAAAAAKKKKKK
AAAAAAAAAAAAAAAAAAAKKKKKK
FFFFFFFFFFFFFFFFFFFFFFFFF
Case #18: 
IIIIIIIIIIIIIIIIIIIIIIIII
IIIIIIIIIIIIIIIIIIIIIIIII
AAAAAAAAAAAAAAAAAAAAAAAAA
QQQQQQQQQQQQQQQQQQQQQQQQQ
QQQQQQQQQQQQQQQQQQQQQQQQQ
FFFFFFFFFFFFFFUUUUUUUUUUU
HHHHHHHHHHHHHHHHHHHHKKKKK
VVVVVVVVVVVVVVVVVVVVVVVVV
ZZZZZZZEEEEEEEEEEEEEEEEEE
MMMMMMMMMMMMMMMMMMMMMMMMM
SSSSSSSSSSSSSSSSSSSSSSSSS
CCCCCCCCCCCCCCCCCCCCCCCCC
YYYYYYYYYYYYYYYYYYYYYYYYY
YYYYYYYYYYYYYYYYYYYYYYYYY
YYYYYYYYYYYYYYYYYYYYYYYYY
BBBBBBBBBBBBBBBBBBBBBBBBB
NNNNNNNNNNNNNNNNNNNNNNNNN
NNNNNNNNNNNNNNNNNNNNNNNNN
NNNNNNNNNNNNNNNNNNNNNNNNN
NNNNNNNNNNNNNNNNNNNNNNNNN
XXXXXXXWWWWWWWWWWWWWWWWWT
PPPPPPPPPPPPPPPPPPPPPPPPP
PPPPPPPPPPPPPPPPPPPPPPPPP
LLLLLLLLLLLLLLLLLDDDRRRRR
GGGGGGGGGGGGJJJJJJJJJOOOO
Case #19: 
AAAAAAAAAAAAAAABBBBBBBBBB
AAAAAAAAAAAAAAABBBBBBBBBB
AAAAAAAAAAAAAAABBBBBBBBBB
AAAAAAAAAAAAAAABBBBBBBBBB
AAAAAAAAAAAAAAABBBBBBBBBB
AAAAAAAAAAAAAAABBBBBBBBBB
AAAAAAAAAAAAAAABBBBBBBBBB
AAAAAAAAAAAAAAABBBBBBBBBB
AAAAAAAAAAAAAAABBBBBBBBBB
AAAAAAAAAAAAAAABBBBBBBBBB
AAAAAAAAAAAAAAABBBBBBBBBB
AAAAAAAAAAAAAAABBBBBBBBBB
AAAAAAAAAAAAAAABBBBBBBBBB
AAAAAAAAAAAAAAABBBBBBBBBB
AAAAAAAAAAAAAAABBBBBBBBBB
AAAAAAAAAAAAAAABBBBBBBBBB
AAAAAAAAAAAAAAABBBBBBBBBB
AAAAAAAAAAAAAAABBBBBBBBBB
CCCCCCCCCCCCCCCCCCCCCCCCC
DDDDDDDDDDDDDDDDDDDDDDDDD
EEEEEEEEEEEEEEEEEEEEEEEEE
EEEEEEEEEEEEEEEEEEEEEEEEE
EEEEEEEEEEEEEEEEEEEEEEEEE
EEEEEEEEEEEEEEEEEEEEEEEEE
EEEEEEEEEEEEEEEEEEEEEEEEE
Case #20: 
FFFFFFFFFFFFFFFFFFFFFFFFF
FFFFFFFFFFFFFFFFFFFFFFFFF
FFFFFFFFFFFFFFFFFFFFFFFFF
FFFFFFFFFFFFFFFFFFFFFFFFF
FFFFFFFFFFFFFFFFFFFFFFFFF
FFFFFFFFFFFFFFFFFFFFFFFFF
FFFFFFFFFFFFFFFFFFFFFFFFF
DDDDDDDDDDDDDRRRRRRRRRRRR
JJJJJJJJJJJJJJIAAAAAAAAAA
JJJJJJJJJJJJJJIAAAAAAAAAA
XXXXXXXXXXXZNWQQQQQQQQQQQ
UUUUUUUUUOOVVVVVVVVVVVVVV
CCCCCCCCCCCCCYPPMMMMMMMMM
SSSSSSSSSSSBTLLHHHHHHHHHH
GGGGGGGGGGGGGGGGGGGGGGGGG
KKKKKKKKKKKKEEEEEEEEEEEEE
KKKKKKKKKKKKEEEEEEEEEEEEE
KKKKKKKKKKKKEEEEEEEEEEEEE
KKKKKKKKKKKKEEEEEEEEEEEEE
KKKKKKKKKKKKEEEEEEEEEEEEE
KKKKKKKKKKKKEEEEEEEEEEEEE
KKKKKKKKKKKKEEEEEEEEEEEEE
KKKKKKKKKKKKEEEEEEEEEEEEE
KKKKKKKKKKKKEEEEEEEEEEEEE
KKKKKKKKKKKKEEEEEEEEEEEEE
Case #21: 
KKKKKKKKKKKKKKKKKKKKKKKKJ
KKKKKKKKKKKKKKKKKKKKKKKKJ
KKKKKKKKKKKKKKKKKKKKKKKKJ
KKKKKKKKKKKKKKKKKKKKKKKKJ
KKKKKKKKKKKKKKKKKKKKKKKKJ
KKKKKKKKKKKKKKKKKKKKKKKKJ
KKKKKKKKKKKKKKKKKKKKKKKKJ
KKKKKKKKKKKKKKKKKKKKKKKKJ
KKKKKKKKKKKKKKKKKKKKKKKKJ
KKKKKKKKKKKKKKKKKKKKKKKKJ
KKKKKKKKKKKKKKKKKKKKKKKKJ
KKKKKKKKKKKKKKKKKKKKKKKKJ
KKKKKKKKKKKKKKKKKKKKKKKKJ
KKKKKKKKKKKKKKKKKKKKKKKKJ
KKKKKKKKKKKKKKKKKKKKKKKKJ
KKKKKKKKKKKKKKKKKKKKKKKKJ
KKKKKKKKKKKKKKKKKKKKKKKKJ
VVVVVVVVVVVVVVVVVVVVVVVVE
WWWWWWWWWWWWWWWWWWWWWWWWR
HHHHHHHHHHHHHHHHHHHHHLLLU
XXXXXXXXXXXXXXXXXXXXBBIIZ
AAAAAAAAAAAAAAAAAAAAAAAAO
YYYYYYYYYYYYYYYYYYYYYYYYY
NNNNNNNNNNNNNNNNNNQDCCGGF
SSSSSSSSSSSSSSSSSSSSSSPTM
Case #22: 
XXXXXXXXXXXXXXXXXXFFFFFFF
CCCCCCCCCCCCCCCCCCCCCCCCC
JJJJJJJHHHHHHHHHHHHHHHHHH
JJJJJJJHHHHHHHHHHHHHHHHHH
JJJJJJJHHHHHHHHHHHHHHHHHH
QQQQQQQQQQQQQQQQQQQQQQQQQ
QQQQQQQQQQQQQQQQQQQQQQQQQ
DDDDDDDDDDDDDDDDDDDDDDDDD
YYYYYYYYYYYYYYYYYYYYYYYYY
NNNNNNNNNNVVIIIIIIIIIIIII
GGGGGGGGGGGGGGGGAAAAAAAAA
SSSSSSSSSSSSSSSSSSSSSSSSS
BBBBBBBBBBBBBBBBBBBBBBBBB
BBBBBBBBBBBBBBBBBBBBBBBBB
ZZZZZZZZZZZZZZZZZZZZZZZZZ
EEEEEEEEEEEEEEEEEEEEEEEEE
EEEEEEEEEEEEEEEEEEEEEEEEE
MMMMMMMMLLLLLLLLLLLLLLLLL
UUUUUUOOOOOOOOOOOOOOOOOOO
KKKKKKKKKKKKKKKKKKKKKKKKK
WWWWWWWWWWWWWWWWWWWWWWWWW
PPPPPPPPPPPPPPPPPPPPPPPPP
TTTTTTTTTTTTTTTTTTTRRRRRR
TTTTTTTTTTTTTTTTTTTRRRRRR
TTTTTTTTTTTTTTTTTTTRRRRRR
Case #23: 
IIIIIIIIIIIIIIIIIIIIIOOOO
IIIIIIIIIIIIIIIIIIIIIOOOO
IIIIIIIIIIIIIIIIIIIIIOOOO
IIIIIIIIIIIIIIIIIIIIIOOOO
IIIIIIIIIIIIIIIIIIIIIOOOO
IIIIIIIIIIIIIIIIIIIIIOOOO
IIIIIIIIIIIIIIIIIIIIIOOOO
IIIIIIIIIIIIIIIIIIIIIOOOO
IIIIIIIIIIIIIIIIIIIIIOOOO
IIIIIIIIIIIIIIIIIIIIIOOOO
IIIIIIIIIIIIIIIIIIIIIOOOO
IIIIIIIIIIIIIIIIIIIIIOOOO
IIIIIIIIIIIIIIIIIIIIIOOOO
IIIIIIIIIIIIIIIIIIIIIOOOO
UUUUUUUUUUUUUUUUUUUUUMMMM
RRRRRRRRRRRRRRRRRRRRRRRRR
BBBBBBBBBBBBBBBBBBBBKHJJJ
NNNNNNNNNNNNNNNNNNNNZZZTT
QQQQQQQQQQQQQQQQQQQQQQQQQ
QQQQQQQQQQQQQQQQQQQQQQQQQ
GGGGGGGGGGGGGGGGGGEAFWWWW
PPPPPPPPPPPPPPPPPPPPPPPPP
XXXXXXXXXXXXXXXXXXXXXXXXD
VVVVVVVVVVVVSSSSSSSSSSSSS
CCCCCCCCCCCCCCCCCYYLLLLLL
Case #24: 
ABCDEFGHIJKLMNOPQRSTUVWXY
ABCDEFGHIJKLMNOPQRSTUVWXY
ABCDEFGHIJKLMNOPQRSTUVWXY
ABCDEFGHIJKLMNOPQRSTUVWXY
ABCDEFGHIJKLMNOPQRSTUVWXY
ABCDEFGHIJKLMNOPQRSTUVWXY
ABCDEFGHIJKLMNOPQRSTUVWXY
ABCDEFGHIJKLMNOPQRSTUVWXY
ABCDEFGHIJKLMNOPQRSTUVWXY
ABCDEFGHIJKLMNOPQRSTUVWXY
ABCDEFGHIJKLMNOPQRSTUVWXY
ABCDEFGHIJKLMNOPQRSTUVWXY
ABCDEFGHIJKLMNOPQRSTUVWXY
ABCDEFGHIJKLMNOPQRSTUVWXY
ABCDEFGHIJKLMNOPQRSTUVWXY
ABCDEFGHIJKLMNOPQRSTUVWXY
ABCDEFGHIJKLMNOPQRSTUVWXY
ABCDEFGHIJKLMNOPQRSTUVWXY
ABCDEFGHIJKLMNOPQRSTUVWXY
ABCDEFGHIJKLMNOPQRSTUVWXY
ABCDEFGHIJKLMNOPQRSTUVWXY
ABCDEFGHIJKLMNOPQRSTUVWXY
ABCDEFGHIJKLMNOPQRSTUVWXY
ABCDEFGHIJKLMNOPQRSTUVWXY
ABCDEFGHIJKLMNOPQRSTUVWXY
Case #25: 
IIIIIIIIIIIIIIIIIIIIIIIII
IIIIIIIIIIIIIIIIIIIIIIIII
UUUUUUUUUUUUUUUUUUUUUUUUU
YYYYYYYYYYYYYLLLLLLLLLLLL
YYYYYYYYYYYYYLLLLLLLLLLLL
YYYYYYYYYYYYYLLLLLLLLLLLL
EEEEEEEEEEEEEEEEEEEEERRRR
MMMMMMMMMMMMMMMMMMMMMMMMM
CCCCNNNNNNNNNNNNNNNNNNNNN
TTTTTTTTDDDDXXXXXXXXXXXBB
TTTTTTTTDDDDXXXXXXXXXXXBB
GGGGGGGGGGGGGGGGGGGGGGGGG
PPPPPPQQQQQQQQQQQQQQQQQQQ
FFFFFFFFFFFFFFFFFFFFFFFFF
SSSSSSSSSSSSSSSSSSSSSSSSS
SSSSSSSSSSSSSSSSSSSSSSSSS
OOOOOOOOOOOOOOOOOOOOOOOOO
OOOOOOOOOOOOOOOOOOOOOOOOO
AAAAAAAAAAAAAAAAAAAAAAAAA
HHHHHHHHHHHHHHHHHHHHHKKKK
HHHHHHHHHHHHHHHHHHHHHKKKK
WWWWWWWWWWWWWWWWWWWWWWWWW
JJJJJJJJJJJJJJJJJJJJJJJJJ
VVVVVVVVVVVVVVVVVVVVVVVVV
Case #26: 
AB
Case #27: 
MLLLL
MLLLL
KIAAA
GCHJJ
BNOOO
EFFFF
DDDDD
Case #28: 
ABCDEFGHIJKLMNOPQRSTUVWXY
ABCDEFGHIJKLMNOPQRSTUVWXY
ABCDEFGHIJKLMNOPQRSTUVWXY
ABCDEFGHIJKLMNOPQRSTUVWXY
ABCDEFGHIJKLMNOPQRSTUVWXY
ABCDEFGHIJKLMNOPQRSTUVWXY
ABCDEFGHIJKLMNOPQRSTUVWXY
ABCDEFGHIJKLMNOPQRSTUVWXY
ABCDEFGHIJKLMNOPQRSTUVWXY
ABCDEFGHIJKLMNOPQRSTUVWXY
ABCDEFGHIJKLMNOPQRSTUVWXY
ABCDEFGHIJKLMNOPQRSTUVWXY
ABCDEFGHIJKLMNOPQRSTUVWXY
ABCDEFGHIJKLMNOPQRSTUVWXY
ABCDEFGHIJKLMNOPQRSTUVWXY
ABCDEFGHIJKLMNOPQRSTUVWXY
ABCDEFGHIJKLMNOPQRSTUVWXY
ABCDEFGHIJKLMNOPQRSTUVWXY
ABCDEFGHIJKLMNOPQRSTUVWXY
ABCDEFGHIJKLMNOPQRSTUVWXY
ABCDEFGHIJKLMNOPQRSTUVWXY
ABCDEFGHIJKLMNOPQRSTUVWXY
ABCDEFGHIJKLMNOPQRSTUVWXY
ABCDEFGHIJKLMNOPQRSTUVWXY
ABCDEFGHIJKLMNOPQRSTUVWXY
Case #29: 
AAAAABBBBBBBBBBBBBBBBBBBB
AAAAABBBBBBBBBBBBBBBBBBBB
AAAAABBBBBBBBBBBBBBBBBBBB
AAAAABBBBBBBBBBBBBBBBBBBB
AAAAABBBBBBBBBBBBBBBBBBBB
CCCCCCCCCCCCCCCCCCCCCCCCC
DDDDDDDDDDDDDDDDDDDDDDDDD
EEEEEEEEEEEEEEEEEEEEEEEEE
FFFFFFFFFFFFFFFFFFHHHHHHH
FFFFFFFFFFFFFFFFFFHHHHHHH
FFFFFFFFFFFFFFFFFFHHHHHHH
FFFFFFFFFFFFFFFFFFHHHHHHH
FFFFFFFFFFFFFFFFFFHHHHHHH
FFFFFFFFFFFFFFFFFFHHHHHHH
FFFFFFFFFFFFFFFFFFHHHHHHH
FFFFFFFFFFFFFFFFFFHHHHHHH
FFFFFFFFFFFFFFFFFFHHHHHHH
JJJJJJJJJJJJJJJJJJJJJJJJJ
GGGGGGGGGGGGGGGGGGGIIIIII
GGGGGGGGGGGGGGGGGGGIIIIII
GGGGGGGGGGGGGGGGGGGIIIIII
GGGGGGGGGGGGGGGGGGGIIIIII
GGGGGGGGGGGGGGGGGGGIIIIII
GGGGGGGGGGGGGGGGGGGIIIIII
GGGGGGGGGGGGGGGGGGGIIIIII
Case #30: 
TTTTTTTTTTTTTTTTPPPMBRRRR
TTTTTTTTTTTTTTTTPPPMBRRRR
TTTTTTTTTTTTTTTTPPPMBRRRR
TTTTTTTTTTTTTTTTPPPMBRRRR
TTTTTTTTTTTTTTTTPPPMBRRRR
TTTTTTTTTTTTTTTTPPPMBRRRR
TTTTTTTTTTTTTTTTPPPMBRRRR
TTTTTTTTTTTTTTTTPPPMBRRRR
TTTTTTTTTTTTTTTTPPPMBRRRR
TTTTTTTTTTTTTTTTPPPMBRRRR
TTTTTTTTTTTTTTTTPPPMBRRRR
TTTTTTTTTTTTTTTTPPPMBRRRR
TTTTTTTTTTTTTTTTPPPMBRRRR
TTTTTTTTTTTTTTTTPPPMBRRRR
TTTTTTTTTTTTTTTTPPPMBRRRR
TTTTTTTTTTTTTTTTPPPMBRRRR
WWWWWWWWWWWWWWWWWNVZZZYYY
JJJJJJJJJJJJJJJJJHHCCUUUU
EEEEEEEEEEEEEEEEEEELLKXXX
QQQQQQQQQQQQQQQQAAAAGGGGG
SSSSSSSSSSSSSSSSSIFOOOOOO
DDDDDDDDDDDDDDDDDDDDDDDDD
DDDDDDDDDDDDDDDDDDDDDDDDD
DDDDDDDDDDDDDDDDDDDDDDDDD
DDDDDDDDDDDDDDDDDDDDDDDDD
Case #31: 
CB
AA
Case #32: 
AAAAAAAAAAAAAAAAAAAAAAAAA
BBBBBBBBBBBBBBBBBBBBBBBBB
CCCCCCCCCCCCCCCCCCCCCCCCC
DDDDDDDDDDDDDDDDDDDDDDDDD
EEEEEEEEEEEEEEEEEEEEEEEEE
FFFFFFFFFFFFFFFFFFFFFFFFF
GGGGGGGGGGGGGGGGGGGGGGGGG
HHHHHHHHHHHHHHHHHHHHHHHHH
IIIIIIIIIIIIIIIIIIIIIIIII
JJJJJJJJJJJJJJJJJJJJJJJJJ
KKKKKKKKKKKKKKKKKKKKKKKKK
LLLLLLLLLLLLLLLLLLLLLLLLL
MMMMMMMMMMMMMMMMMMMMMMMMM
NNNNNNNNNNNNNNNNNNNNNNNNN
OOOOOOOOOOOOOOOOOOOOOOOOO
PPPPPPPPPPPPPPPPPPPPPPPPP
QQQQQQQQQQQQQQQQQQQQQQQQQ
RRRRRRRRRRRRRRRRRRRRRRRRR
SSSSSSSSSSSSSSSSSSSSSSSSS
TTTTTTTTTTTTTTTTTTTTTTTTT
UUUUUUUUUUUUUUUUUUUUUUUUU
VVVVVVVVVVVVVVVVVVVVVVVVV
WWWWWWWWWWWWWWWWWWWWWWWWW
XXXXXXXXXXXXXXXXXXXXXXXXX
YYYYYYYYYYYYYYYYYYYYYYYYY
Case #33: 
FFFFFFFFFFFFFFFFFFFFFFFFF
VVVOOOOOOOOOOOOOOOOOOOOOO
VVVOOOOOOOOOOOOOOOOOOOOOO
VVVOOOOOOOOOOOOOOOOOOOOOO
CCCCCCCCCCCCCCCCCCCCCCCCC
CCCCCCCCCCCCCCCCCCCCCCCCC
GGGGGGGGGGGGGGGGGGGGGSSSS
NNNNNNNNNNNNNNNNNNNNNNNNN
NNNNNNNNNNNNNNNNNNNNNNNNN
DDDDDDDDDDDDDDDDDQQQQQQQQ
YYYYYYYYYYYYYYYYYYMMMMMMM
AAAAAAAAAAAAAAAAAAAAAAAAA
AAAAAAAAAAAAAAAAAAAAAAAAA
WWWWWWWWWWWWWWWWXXXXXXXXX
HHHHHHHHHHHHHHHHHHHHHHHHH
HHHHHHHHHHHHHHHHHHHHHHHHH
BBBBBBBBBBBBBBBBBBBBBBBBB
BBBBBBBBBBBBBBBBBBBBBBBBB
JJJJJJJJJJJJJJJJJJJJJJJJJ
TTTTTTTTZZZZZZZEEEEEEEEEE
LLLLLLLLLLLLLLLLLLLLLLLLL
PPPPPPPPPPPPPPPPPPPPPPPPP
UUUUUUUUUUUUUUUUUUUUUUUUU
UUUUUUUUUUUUUUUUUUUUUUUUU
RRRRRRRRRRRKKKIIIIIIIIIII
Case #34: 
AAAAAAAAAAABBBBBBBBBBBBBB
AAAAAAAAAAABBBBBBBBBBBBBB
AAAAAAAAAAABBBBBBBBBBBBBB
AAAAAAAAAAABBBBBBBBBBBBBB
AAAAAAAAAAABBBBBBBBBBBBBB
AAAAAAAAAAABBBBBBBBBBBBBB
AAAAAAAAAAABBBBBBBBBBBBBB
AAAAAAAAAAABBBBBBBBBBBBBB
AAAAAAAAAAABBBBBBBBBBBBBB
AAAAAAAAAAABBBBBBBBBBBBBB
AAAAAAAAAAABBBBBBBBBBBBBB
AAAAAAAAAAABBBBBBBBBBBBBB
AAAAAAAAAAABBBBBBBBBBBBBB
AAAAAAAAAAABBBBBBBBBBBBBB
AAAAAAAAAAABBBBBBBBBBBBBB
AAAAAAAAAAABBBBBBBBBBBBBB
AAAAAAAAAAABBBBBBBBBBBBBB
AAAAAAAAAAABBBBBBBBBBBBBB
CCCCCCCCCCCCCCCCCCCCCCCCC
DDDDDDDDDDDDDDDDDDDDDDDDD
EEEEEEEEEEEEEEEEEEEEEEEEE
EEEEEEEEEEEEEEEEEEEEEEEEE
EEEEEEEEEEEEEEEEEEEEEEEEE
EEEEEEEEEEEEEEEEEEEEEEEEE
EEEEEEEEEEEEEEEEEEEEEEEEE
Case #35: 
AAAAAAAAAAAAAAAAAAAAAAAAA
BBBBBBBBBBBBBBBBBBBBBBBBB
CCCCCCCCCCCCCCCCCCCCCCCCC
DDDDDDDDDDDDDDDDDDDDDDDDD
EEEEEEEEEEEEEEEEEEEEEEEEE
FFFFFFFFFFFFFFFFFFFFFFFFF
GGGGGGGGGGGGGGGGGGGGGGGGG
HHHHHHHHHHHHHHHHHHHHHHHHH
IIIIIIIIIIIIIIIIIIIIIIIII
JJJJJJJJJJJJJJJJJJJJJJJJJ
KKKKKKKKKKKKKKKKKKKKKKKKK
LLLLLLLLLLLLLLLLLLLLLLLLL
MMMMMMMMMMMMMMMMMMMMMMMMM
NNNNNNNNNNNNNNNNNNNNNNNNN
OOOOOOOOOOOOOOOOOOOOOOOOO
PPPPPPPPPPPPPPPPPPPPPPPPP
QQQQQQQQQQQQQQQQQQQQQQQQQ
RRRRRRRRRRRRRRRRRRRRRRRRR
SSSSSSSSSSSSSSSSSSSSSSSSS
TTTTTTTTTTTTTTTTTTTTTTTTT
UUUUUUUUUUUUUUUUUUUUUUUUU
VVVVVVVVVVVVVVVVVVVVVVVVV
WWWWWWWWWWWWWWWWWWWWWWWWW
XXXXXXXXXXXXXXXXXXXXXXXXX
YYYYYYYYYYYYYYYYYYYYYYYYY
Case #36: 
AA
AA
Case #37: 
AAAAAAAAAAAAABBBBBBBBBBBB
AAAAAAAAAAAAABBBBBBBBBBBB
AAAAAAAAAAAAABBBBBBBBBBBB
AAAAAAAAAAAAABBBBBBBBBBBB
AAAAAAAAAAAAABBBBBBBBBBBB
AAAAAAAAAAAAABBBBBBBBBBBB
AAAAAAAAAAAAABBBBBBBBBBBB
AAAAAAAAAAAAABBBBBBBBBBBB
AAAAAAAAAAAAABBBBBBBBBBBB
AAAAAAAAAAAAABBBBBBBBBBBB
AAAAAAAAAAAAABBBBBBBBBBBB
AAAAAAAAAAAAABBBBBBBBBBBB
AAAAAAAAAAAAABBBBBBBBBBBB
AAAAAAAAAAAAABBBBBBBBBBBB
AAAAAAAAAAAAABBBBBBBBBBBB
CCCCCCCCCCCCCCCCCCCCCCCCC
DDDDDDDDDDDDDDDDDDDDDDDDD
EEEEEEEEEEEEEEEEEEEEEEEEE
EEEEEEEEEEEEEEEEEEEEEEEEE
EEEEEEEEEEEEEEEEEEEEEEEEE
EEEEEEEEEEEEEEEEEEEEEEEEE
EEEEEEEEEEEEEEEEEEEEEEEEE
EEEEEEEEEEEEEEEEEEEEEEEEE
EEEEEEEEEEEEEEEEEEEEEEEEE
EEEEEEEEEEEEEEEEEEEEEEEEE
Case #38: 
GGSSCIEEEEEFFZBBBBXAYYNNT
JJJMMMKVVRLLWPDQQQHOOOOOU
Case #39: 
AAACCCCCCCCCCCCCCCCCCCCCC
AAACCCCCCCCCCCCCCCCCCCCCC
AAACCCCCCCCCCCCCCCCCCCCCC
EEEEEEEEEEEEEEEEEEEEEEEEE
BBBBDDDDDDDDDDDDDDDDDDDDD
BBBBDDDDDDDDDDDDDDDDDDDDD
BBBBDDDDDDDDDDDDDDDDDDDDD
BBBBDDDDDDDDDDDDDDDDDDDDD
FFFFFFFFFFFFFFFFFFFFFGGGG
FFFFFFFFFFFFFFFFFFFFFGGGG
FFFFFFFFFFFFFFFFFFFFFGGGG
FFFFFFFFFFFFFFFFFFFFFGGGG
FFFFFFFFFFFFFFFFFFFFFGGGG
FFFFFFFFFFFFFFFFFFFFFGGGG
FFFFFFFFFFFFFFFFFFFFFGGGG
FFFFFFFFFFFFFFFFFFFFFGGGG
FFFFFFFFFFFFFFFFFFFFFGGGG
FFFFFFFFFFFFFFFFFFFFFGGGG
FFFFFFFFFFFFFFFFFFFFFGGGG
FFFFFFFFFFFFFFFFFFFFFGGGG
HHHHHHHHHHHHHHHHHHHHHHHHH
IIIIIIIIIIIIIIIIIIIIIIIII
JJJJJJJJJJJJJJJJJJJJJJJJJ
JJJJJJJJJJJJJJJJJJJJJJJJJ
JJJJJJJJJJJJJJJJJJJJJJJJJ
Case #40: 
YYYYYYYYYYYYYYYYYYYYYYYYY
YYYYYYYYYYYYYYYYYYYYYYYYY
YYYYYYYYYYYYYYYYYYYYYYYYY
YYYYYYYYYYYYYYYYYYYYYYYYY
YYYYYYYYYYYYYYYYYYYYYYYYY
YYYYYYYYYYYYYYYYYYYYYYYYY
YYYYYYYYYYYYYYYYYYYYYYYYY
YYYYYYYYYYYYYYYYYYYYYYYYY
YYYYYYYYYYYYYYYYYYYYYYYYY
YYYYYYYYYYYYYYYYYYYYYYYYY
YYYYYYYYYYYYYYYYYYYYYYYYY
YYYYYYYYYYYYYYYYYYYYYYYYY
YYYYYYYYYYYYYYYYYYYYYYYYY
YYYYYYYYYYYYYYYYYYYYYYYYY
LLLLEEEEEEEEEEEEEEEEEEEEE
HHHHHPPPRRRRRRRRRRRRRRRRR
OOOOOOVVVVVVVVVVVVVVVVVVV
ZZZZZZZIIIIIIIIIIIIIIIIII
AAAAAAAAABBBWWWWWWWWWWWWW
FFFFFFFFFKJJJJJJJJJJJJJJJ
SSSSSCCCCCDDDDDDDDDDDDDDD
GGGGGGGGNNNNNNNNNNNNNNNNN
MMMMMMMMMMMMMMMMMMMMMMMMM
TTTTTTTTUUXXXXXXXXXXXXXXX
QQQQQQQQQQQQQQQQQQQQQQQQQ
Case #41: 
CCCYYYYYYYYYYYYYYYYYYYYYY
CCCYYYYYYYYYYYYYYYYYYYYYY
CCCYYYYYYYYYYYYYYYYYYYYYY
CCCYYYYYYYYYYYYYYYYYYYYYY
RRRRRHHHHHHHHHHHHHHHHHHHH
EETTTTTTTTTTTTTTTTTTTTTTT
BBBBXXXXXXXXXXXXXXXXXXXXX
ZZNWWWWWLLLLLLLLLLLLLLLLL
PPPPPPPSSMMMMMMMMMMMMMMMM
DDDDDDDDDDDDDDDDDDDDDDDDD
DDDDDDDDDDDDDDDDDDDDDDDDD
KKKKKKKKKKIIIIIIIIIIIIIII
QQQQQQQQQOOOOOOOOOOOOOOOO
FFFFFFFFJJJJJJJJJJJJJJJJJ
GGGGGGUUUUUUUUUUUUUUUUUUU
AAAAAAAAAAAAAAAAAAAAAAAAA
VVVVVVVVVVVVVVVVVVVVVVVVV
VVVVVVVVVVVVVVVVVVVVVVVVV
VVVVVVVVVVVVVVVVVVVVVVVVV
VVVVVVVVVVVVVVVVVVVVVVVVV
VVVVVVVVVVVVVVVVVVVVVVVVV
VVVVVVVVVVVVVVVVVVVVVVVVV
VVVVVVVVVVVVVVVVVVVVVVVVV
VVVVVVVVVVVVVVVVVVVVVVVVV
VVVVVVVVVVVVVVVVVVVVVVVVV
Case #42: 
AAAAAAAAAAAAAAAAAAAAAAAAA
AAAAAAAAAAAAAAAAAAAAAAAAA
AAAAAAAAAAAAAAAAAAAAAAAAA
AAAAAAAAAAAAAAAAAAAAAAAAA
AAAAAAAAAAAAAAAAAAAAAAAAA
AAAAAAAAAAAAAAAAAAAAAAAAA
AAAAAAAAAAAAAAAAAAAAAAAAA
AAAAAAAAAAAAAAAAAAAAAAAAA
AAAAAAAAAAAAAAAAAAAAAAAAA
AAAAAAAAAAAAAAAAAAAAAAAAA
AAAAAAAAAAAAAAAAAAAAAAAAA
AAAAAAAAAAAAAAAAAAAAAAAAA
AAAAAAAAAAAAAAAAAAAAAAAAA
AAAAAAAAAAAAAAAAAAAAAAAAA
AAAAAAAAAAAAAAAAAAAAAAAAA
AAAAAAAAAAAAAAAAAAAAAAAAA
AAAAAAAAAAAAAAAAAAAAAAAAA
AAAAAAAAAAAAAAAAAAAAAAAAA
AAAAAAAAAAAAAAAAAAAAAAAAA
AAAAAAAAAAAAAAAAAAAAAAAAA
AAAAAAAAAAAAAAAAAAAAAAAAA
AAAAAAAAAAAAAAAAAAAAAAAAA
AAAAAAAAAAAAAAAAAAAAAAAAA
AAAAAAAAAAAAAAAAAAAAAAAAA
AAAAAAAAAAAAAAAAAAAAAAAAA
Case #43: 
CCCCC
CCCCC
AAAAA
BBBBB
BBBBB
Case #44: 
AAAAAAAAAAAAAAAAAAAAAAAAA
AAAAAAAAAAAAAAAAAAAAAAAAA
AAAAAAAAAAAAAAAAAAAAAAAAA
AAAAAAAAAAAAAAAAAAAAAAAAA
AAAAAAAAAAAAAAAAAAAAAAAAA
AAAAAAAAAAAAAAAAAAAAAAAAA
AAAAAAAAAAAAAAAAAAAAAAAAA
AAAAAAAAAAAAAAAAAAAAAAAAA
AAAAAAAAAAAAAAAAAAAAAAAAA
AAAAAAAAAAAAAAAAAAAAAAAAA
JJUUUUUUUUUUUUUUUUUUUUUUU
TTTTTTTTTTTTTTTTTTTTTTTTT
CCEFFFFFFFFFFFFFFFFFFFFFF
QQQGGGGGGGGGGGGGGGGGGGGGG
LLLZZPPPPPPPPPPPPPPPPPPPP
DDNBMYRRRRRRRRRRRRRRRRRRR
IIIIXXXXXXXXXXXXXXXXXXXXX
KKKVVVVVVVVVVVVVVVVVVVVVV
SOWHHHHHHHHHHHHHHHHHHHHHH
SOWHHHHHHHHHHHHHHHHHHHHHH
SOWHHHHHHHHHHHHHHHHHHHHHH
SOWHHHHHHHHHHHHHHHHHHHHHH
SOWHHHHHHHHHHHHHHHHHHHHHH
SOWHHHHHHHHHHHHHHHHHHHHHH
SOWHHHHHHHHHHHHHHHHHHHHHH
Case #45: 
ACCCCCCCCCCCCCCCCCCCCCCCC
ACCCCCCCCCCCCCCCCCCCCCCCC
ACCCCCCCCCCCCCCCCCCCCCCCC
ACCCCCCCCCCCCCCCCCCCCCCCC
ACCCCCCCCCCCCCCCCCCCCCCCC
EEEEEEEEEEEEEEEEEEEEEEEEE
BBDDDDDDDDDDDDDDDDDDDDDDD
BBDDDDDDDDDDDDDDDDDDDDDDD
BBDDDDDDDDDDDDDDDDDDDDDDD
BBDDDDDDDDDDDDDDDDDDDDDDD
BBDDDDDDDDDDDDDDDDDDDDDDD
BBDDDDDDDDDDDDDDDDDDDDDDD
BBDDDDDDDDDDDDDDDDDDDDDDD
BBDDDDDDDDDDDDDDDDDDDDDDD
BBDDDDDDDDDDDDDDDDDDDDDDD
BBDDDDDDDDDDDDDDDDDDDDDDD
BBDDDDDDDDDDDDDDDDDDDDDDD
BBDDDDDDDDDDDDDDDDDDDDDDD
BBDDDDDDDDDDDDDDDDDDDDDDD
BBDDDDDDDDDDDDDDDDDDDDDDD
BBDDDDDDDDDDDDDDDDDDDDDDD
BBDDDDDDDDDDDDDDDDDDDDDDD
BBDDDDDDDDDDDDDDDDDDDDDDD
BBDDDDDDDDDDDDDDDDDDDDDDD
BBDDDDDDDDDDDDDDDDDDDDDDD
Case #46: 
EEEEEEEEEEEEEEEEEEEBBBBBB
EEEEEEEEEEEEEEEEEEEBBBBBB
EEEEEEEEEEEEEEEEEEEBBBBBB
LLLLLLLLLLLLLLLLLLLLLLLLL
LLLLLLLLLLLLLLLLLLLLLLLLL
LLLLLLLLLLLLLLLLLLLLLLLLL
FFFFFFFFFFFFFFFFFFFFFFFFF
DDDDDDDDDDDDDDDDDDDDDDDDD
MMMMMMMMMMMMMMMMMMMMMMMMM
GGGGGGGGGGGGGGGGGGGGGGGGG
HHHHHHHHHHHHHHHHHHHHHHHHH
VVVVVVVVVVVVTTTTTTTTTTTTT
SSSSSSSSSSSSSSSSSSSSSSSSS
KKKKKKKKKKKKKKKKKKKKKKKKK
OOOOOOOOOOOOOOOOOOOOOOOOO
UUUUUUUUUUCCCCCCCCCCCCCCC
ZZZZZZZZZZZZZZNNNNNNNNNNN
AAAAAAAAAAAAAAAAAAAAAAAAA
IIIIIIIIIIIIIIIIIIIWWWRRR
QQQQQQQQQQQQQQQQQQQQQQQQQ
XXXXXXXXXXXXXXXXXXXXXXXXX
PPPPPPPPPPPPPPPPPPPPPPPPP
YYYYYYYYYYYYYYYYYYYYYYYYY
JJJJJJJJJJJJJJJJJJJJJJJJJ
JJJJJJJJJJJJJJJJJJJJJJJJJ
Case #47: 
ZZZZZZZZZZZZZZZZZZZZZZZZZ
ZZZZZZZZZZZZZZZZZZZZZZZZZ
ZZZZZZZZZZZZZZZZZZZZZZZZZ
NNNNNNNNNNNNNVVVVVVVVVVVV
XXXXXXXXXXXXXXXXXXXXDTTTT
HHHHHHHHHHHHHHHHHHHHHHHHH
HHHHHHHHHHHHHHHHHHHHHHHHH
IIIIIIIIIIIIIIIIIIIIIIIII
IIIIIIIIIIIIIIIIIIIIIIIII
LLLLLLLLLLLLLLLLLLLLLLLLL
YYYYYYYYYYYYYYYYYYYYYYYYY
UUUUUUUUUUUUUUUFFFFFFFFFF
UUUUUUUUUUUUUUUFFFFFFFFFF
UUUUUUUUUUUUUUUFFFFFFFFFF
OOOOOOOOOOOOOOOPPMMMJJJGG
KKKKKKKKKKKKKKKKKKKKKKAAA
CCCCCCCCCCCCCCCCCCCCCCCCC
BBBBBBBBBBBBBBBBBBBBBBBBB
SSSSSSSSSSSSSSSSSSSSSSWWW
SSSSSSSSSSSSSSSSSSSSSSWWW
RRRRRRRRRRRRRRRRRRRRRRRRR
RRRRRRRRRRRRRRRRRRRRRRRRR
RRRRRRRRRRRRRRRRRRRRRRRRR
QQQQQQQQQQQQQQQQQQQQQQQQQ
EEEEEEEEEEEEEEEEEEEEEEEEE
Case #48: 
BBBB
AAAA
AAAA
AAAA
Case #49: 
HHHHHHHHHHHHHHHHHHHHHHHHH
WWWWWWWWWWWWWWWWWWWWWWWWW
WWWWWWWWWWWWWWWWWWWWWWWWW
EEEEEEEEEEEEEEEEEEEEEEEEE
YYYYYYYYYVVVVVVVVVVVVVVVV
YYYYYYYYYVVVVVVVVVVVVVVVV
JJJJJJJJJJJJJJJJJJJJJJJJJ
SSSSSSSSSSSSSSSSSSSSSSSSS
MMLLLLLLLLLLLLLLLLLLLRKKK
XXXXXXXXXXXXXXXXXXXXXXXXX
TTTTTTTTTTTTTTTTTTTTTTTTT
TTTTTTTTTTTTTTTTTTTTTTTTT
GGGGGGGGGGGGGGGGGGGGOOOOO
GGGGGGGGGGGGGGGGGGGGOOOOO
FFFFFFFFFFFFFFFFFFFFFFFFF
FFFFFFFFFFFFFFFFFFFFFFFFF
QQQQQQQQQQQQQQQQQQQQQQQQQ
IIIIIIIIIIIIIIIIIIIIIIIII
CCCCCCCCCCCCDDDDDDDDDDDDD
CCCCCCCCCCCCDDDDDDDDDDDDD
CCCCCCCCCCCCDDDDDDDDDDDDD
CCCCCCCCCCCCDDDDDDDDDDDDD
BBBBBBBBZZNPPPPPPPPAAAAAA
BBBBBBBBZZNPPPPPPPPAAAAAA
UUUUUUUUUUUUUUUUUUUUUUUUU
Case #50: 
RRRRRRRRRRRRRRRRRRRRRRRRR
RRRRRRRRRRRRRRRRRRRRRRRRR
RRRRRRRRRRRRRRRRRRRRRRRRR
RRRRRRRRRRRRRRRRRRRRRRRRR
RRRRRRRRRRRRRRRRRRRRRRRRR
RRRRRRRRRRRRRRRRRRRRRRRRR
RRRRRRRRRRRRRRRRRRRRRRRRR
RRRRRRRRRRRRRRRRRRRRRRRRR
RRRRRRRRRRRRRRRRRRRRRRRRR
RRRRRRRRRRRRRRRRRRRRRRRRR
RRRRRRRRRRRRRRRRRRRRRRRRR
RRRRRRRRRRRRRRRRRRRRRRRRR
VVVVVVVVVVVVVVVVVVVVVVVVV
XXXXXXXXXXXXXXXXXXXXXXXXX
XXXXXXXXXXXXXXXXXXXXXXXXX
SSSSSSSSSSSSSSSSSSSSSSSSS
AAAAKKKKKKKKKKKKKKKKKKKKK
LLLPMMMYYYYYYYYYYYYYYYYYY
JJJJJJJJJJJJJJJJJJJJJJJJJ
DDDDDZFFFFFFFFFFFFFFFFFFF
IIIIIIIIIIIIIIIIIIIIIIIII
BBBBTTTTNEEEEEEEEEEEEEEEE
BBBBTTTTNEEEEEEEEEEEEEEEE
UUWWCCQQQQQQQQQQQQQQQQQQQ
GGGGOOOOOHHHHHHHHHHHHHHHH
Case #51: 
JGBKEDDIICFLLHHMMMMAAAAAA
Case #52: 
AAAAAAAAAAAAAAAAAAAAAAAAA
BBBBBBBBBBBBBBBBBBBBBBBBB
CCCCCCCCCCCCCCCCCCCCCCCCC
DDDDDDDDDDDDDDDDDDDDDDDDD
EEEEEEEEEEEEEEEEEEEEEEEEE
FFFFFFFFFFFFFFFFFFFFFFFFF
GGGGGGGGGGGGGGGGGGGGGGGGG
HHHHHHHHHHHHHHHHHHHHHHHHH
IIIIIIIIIIIIIIIIIIIIIIIII
JJJJJJJJJJJJJJJJJJJJJJJJJ
KKKKKKKKKKKKKKKKKKKKKKKKK
LLLLLLLLLLLLLLLLLLLLLLLLL
MMMMMMMMMMMMMMMMMMMMMMMMM
NNNNNNNNNNNNNNNNNNNNNNNNN
OOOOOOOOOOOOOOOOOOOOOOOOO
PPPPPPPPPPPPPPPPPPPPPPPPP
QQQQQQQQQQQQQQQQQQQQQQQQQ
RRRRRRRRRRRRRRRRRRRRRRRRR
SSSSSSSSSSSSSSSSSSSSSSSSS
TTTTTTTTTTTTTTTTTTTTTTTTT
UUUUUUUUUUUUUUUUUUUUUUUUU
VVVVVVVVVVVVVVVVVVVVVVVVV
WWWWWWWWWWWWWWWWWWWWWWWWW
XXXXXXXXXXXXXXXXXXXXXXXXX
YYYYYYYYYYYYYYYYYYYYYYYYY
Case #53: 
KKKKKKKKKKKKKKKKKKKKKKKKK
KKKKKKKKKKKKKKKKKKKKKKKKK
KKKKKKKKKKKKKKKKKKKKKKKKK
KKKKKKKKKKKKKKKKKKKKKKKKK
KKKKKKKKKKKKKKKKKKKKKKKKK
KKKKKKKKKKKKKKKKKKKKKKKKK
KKKKKKKKKKKKKKKKKKKKKKKKK
KKKKKKKKKKKKKKKKKKKKKKKKK
KKKKKKKKKKKKKKKKKKKKKKKKK
KKKKKKKKKKKKKKKKKKKKKKKKK
GGGGGGGGGGGGGGGGGGGGGGGGG
GGGGGGGGGGGGGGGGGGGGGGGGG
GGGGGGGGGGGGGGGGGGGGGGGGG
GGGGGGGGGGGGGGGGGGGGGGGGG
OOOLLLLLLLLLLLLLLLLLLLLLL
HHHHHHHHHHWWWWWWWWWWWWWWW
HHHHHHHHHHWWWWWWWWWWWWWWW
QQQQQNNNNNNCCCCCCCCCCCCCC
SSSSSSSSIPFFFFFFFFFFFFFFF
AAAUUUUBBBBBBBBBBBBBBBBBB
VVXZZZZEEEEEEEEEEEEEEEEEE
MMMRRRRRRRRRRRRRRRRRRRRRR
YYYYYDDDDDDDDDDDDDDDDDDDD
JJJJJTTTTTTTTTTTTTTTTTTTT
JJJJJTTTTTTTTTTTTTTTTTTTT
Case #54: 
OOOOOOOOOOOOOOOOOOOOOOOOO
OOOOOOOOOOOOOOOOOOOOOOOOO
BBBBBBBBBBBBBBBBBBBBBBNNC
IIIIIRRRRRRRRRRRRRRRRRRRG
QQQQQQQQQQQQQQQQXXXXXXXXX
SSSSSSSSSSSSSHHHHHHHHHHHH
UUUUUUUUUUUUUUUUUUUUUUUUU
UUUUUUUUUUUUUUUUUUUUUUUUU
EEEEEEEEEEEEEEEEEEEEEEEEE
EEEEEEEEEEEEEEEEEEEEEEEEE
EEEEEEEEEEEEEEEEEEEEEEEEE
PPPPPPDDDDDDDDDDFFFFFFFFF
PPPPPPDDDDDDDDDDFFFFFFFFF
JJJJJJJJJJJJJJJJJJJJJJJJJ
AAAAAAAAAAAAAAAAAAAAAAAAA
AAAAAAAAAAAAAAAAAAAAAAAAA
TTTTTTTTTTTTTTTTTTTTTTTTT
VVVVVVVVVVVVVVVVVVVVVVVVV
WWWWWWWWWWWWWWWWWWWWWWWWW
WWWWWWWWWWWWWWWWWWWWWWWWW
ZZZZZZZZZZZZZZZZZZZZZZZZZ
YYYYYYYYYYYYYYYYYYKKKKKKK
LLLLLLLLLLLLLLLLLLLLLLLLL
MMMMMMMMMMMMMMMMMMMMMMMMM
MMMMMMMMMMMMMMMMMMMMMMMMM
Case #55: 
AAAAAAAAAAAAAAAAAAAAAAAAB
AAAAAAAAAAAAAAAAAAAAAAAAB
AAAAAAAAAAAAAAAAAAAAAAAAB
AAAAAAAAAAAAAAAAAAAAAAAAB
AAAAAAAAAAAAAAAAAAAAAAAAB
AAAAAAAAAAAAAAAAAAAAAAAAB
AAAAAAAAAAAAAAAAAAAAAAAAB
AAAAAAAAAAAAAAAAAAAAAAAAB
AAAAAAAAAAAAAAAAAAAAAAAAB
AAAAAAAAAAAAAAAAAAAAAAAAB
CCCCCCCCCCCCCCCCCCCCCCCCC
DDDDDDDDDDDDDDDDDDDDDDDDD
EEEEEEEEEEEEEEEEEEEEEEEEE
EEEEEEEEEEEEEEEEEEEEEEEEE
EEEEEEEEEEEEEEEEEEEEEEEEE
EEEEEEEEEEEEEEEEEEEEEEEEE
EEEEEEEEEEEEEEEEEEEEEEEEE
EEEEEEEEEEEEEEEEEEEEEEEEE
EEEEEEEEEEEEEEEEEEEEEEEEE
EEEEEEEEEEEEEEEEEEEEEEEEE
EEEEEEEEEEEEEEEEEEEEEEEEE
EEEEEEEEEEEEEEEEEEEEEEEEE
EEEEEEEEEEEEEEEEEEEEEEEEE
EEEEEEEEEEEEEEEEEEEEEEEEE
EEEEEEEEEEEEEEEEEEEEEEEEE
Case #56: 
FFFFFFFFFFFFFFFFFFFFFFFFX
FFFFFFFFFFFFFFFFFFFFFFFFX
FFFFFFFFFFFFFFFFFFFFFFFFX
AAAAAAAAAAAAAAAAAAAAAAAAA
BBBBBBBBBBBBBBBBBBBBBBBTS
RRRRRRRRRRRRRRRRRRRRRVZQQ
NNNNNNNNNNNNNNNNNNNCCCCCC
MMMMMMMMMMMMMMMMMMMMMMMMO
YYYYYYYYYYYYYYYYYYYYKKEEP
WWWWWWWWWWWWWWWWWWWWWWJJJ
UUUUUUUUUUUUUUUUUUUUUUUUD
HHHHHHHHHHHHHHHHHHHHHHHHL
GGGGGGGGGGGGGGGGGGGGGGGGG
IIIIIIIIIIIIIIIIIIIIIIIII
IIIIIIIIIIIIIIIIIIIIIIIII
IIIIIIIIIIIIIIIIIIIIIIIII
IIIIIIIIIIIIIIIIIIIIIIIII
IIIIIIIIIIIIIIIIIIIIIIIII
IIIIIIIIIIIIIIIIIIIIIIIII
IIIIIIIIIIIIIIIIIIIIIIIII
IIIIIIIIIIIIIIIIIIIIIIIII
IIIIIIIIIIIIIIIIIIIIIIIII
IIIIIIIIIIIIIIIIIIIIIIIII
IIIIIIIIIIIIIIIIIIIIIIIII
IIIIIIIIIIIIIIIIIIIIIIIII
Case #57: 
AAA
AAA
AAA
AAA
AAA
Case #58: 
ABCDEFGHIJKLMNOPQRSTUVWXY
ABCDEFGHIJKLMNOPQRSTUVWXY
ABCDEFGHIJKLMNOPQRSTUVWXY
ABCDEFGHIJKLMNOPQRSTUVWXY
ABCDEFGHIJKLMNOPQRSTUVWXY
ABCDEFGHIJKLMNOPQRSTUVWXY
ABCDEFGHIJKLMNOPQRSTUVWXY
ABCDEFGHIJKLMNOPQRSTUVWXY
ABCDEFGHIJKLMNOPQRSTUVWXY
ABCDEFGHIJKLMNOPQRSTUVWXY
ABCDEFGHIJKLMNOPQRSTUVWXY
ABCDEFGHIJKLMNOPQRSTUVWXY
ABCDEFGHIJKLMNOPQRSTUVWXY
ABCDEFGHIJKLMNOPQRSTUVWXY
ABCDEFGHIJKLMNOPQRSTUVWXY
ABCDEFGHIJKLMNOPQRSTUVWXY
ABCDEFGHIJKLMNOPQRSTUVWXY
ABCDEFGHIJKLMNOPQRSTUVWXY
ABCDEFGHIJKLMNOPQRSTUVWXY
ABCDEFGHIJKLMNOPQRSTUVWXY
ABCDEFGHIJKLMNOPQRSTUVWXY
ABCDEFGHIJKLMNOPQRSTUVWXY
ABCDEFGHIJKLMNOPQRSTUVWXY
ABCDEFGHIJKLMNOPQRSTUVWXY
ABCDEFGHIJKLMNOPQRSTUVWXY
Case #59: 
JJJJJJJJJJJJJJJJJJJJJJJJJ
MMMMMMMMMMMMMMXXXXXXXXXXX
MMMMMMMMMMMMMMXXXXXXXXXXX
WWWWWWWWWWWWWWWWWWWWWWWWW
KKKKKKKKKKKKKKKKKKKKKKKKK
KKKKKKKKKKKKKKKKKKKKKKKKK
KKKKKKKKKKKKKKKKKKKKKKKKK
VVVVVVVVVVVVVVVVVVVVVVVVV
HHHHHHHHHHHHHHHHHHHHHHZZZ
HHHHHHHHHHHHHHHHHHHHHHZZZ
NNNNNNNNNNNNUUUUUUUUPPPPP
QQQQQQQQQQQQQQQQQQQQQQQQQ
TTTTTTTTTTTTTTTTTTTTTTTTT
TTTTTTTTTTTTTTTTTTTTTTTTT
TTTTTTTTTTTTTTTTTTTTTTTTT
OOOOOOOOOOOOOOOOOOOOOOOOO
EEEEEEEEEEEEEEEEEEEEEEFFF
EEEEEEEEEEEEEEEEEEEEEEFFF
AAAAAAAAAAAAAAAARRRRRRRRR
LLLLLLLLLLLLLLLLLLLLLLLLL
BBBBBBBBBBBBBBBBBBSSSSSSS
BBBBBBBBBBBBBBBBBBSSSSSSS
IIIIIIIIIIIIIIIIIIIYYYYYY
GGGGGGGGGGGGGGGGCCCCCCCCC
DDDDDDDDDDDDDDDDDDDDDDDDD
Case #60: 
AAAAAAAAAAAACCCCCCCCCCCCC
AAAAAAAAAAAACCCCCCCCCCCCC
AAAAAAAAAAAACCCCCCCCCCCCC
AAAAAAAAAAAACCCCCCCCCCCCC
AAAAAAAAAAAACCCCCCCCCCCCC
AAAAAAAAAAAACCCCCCCCCCCCC
AAAAAAAAAAAACCCCCCCCCCCCC
EEEEEEEEEEEEEEEEEEEEEEEEE
BBBBBBBBBBBBBDDDDDDDDDDDD
BBBBBBBBBBBBBDDDDDDDDDDDD
BBBBBBBBBBBBBDDDDDDDDDDDD
BBBBBBBBBBBBBDDDDDDDDDDDD
BBBBBBBBBBBBBDDDDDDDDDDDD
BBBBBBBBBBBBBDDDDDDDDDDDD
BBBBBBBBBBBBBDDDDDDDDDDDD
BBBBBBBBBBBBBDDDDDDDDDDDD
BBBBBBBBBBBBBDDDDDDDDDDDD
BBBBBBBBBBBBBDDDDDDDDDDDD
BBBBBBBBBBBBBDDDDDDDDDDDD
BBBBBBBBBBBBBDDDDDDDDDDDD
BBBBBBBBBBBBBDDDDDDDDDDDD
BBBBBBBBBBBBBDDDDDDDDDDDD
BBBBBBBBBBBBBDDDDDDDDDDDD
BBBBBBBBBBBBBDDDDDDDDDDDD
BBBBBBBBBBBBBDDDDDDDDDDDD
Case #61: 
AAAA
BBBB
BBBB
Case #62: 
GGGGGGGGGGGGGGOOOOOOOOOOO
GGGGGGGGGGGGGGOOOOOOOOOOO
GGGGGGGGGGGGGGOOOOOOOOOOO
GGGGGGGGGGGGGGOOOOOOOOOOO
GGGGGGGGGGGGGGOOOOOOOOOOO
GGGGGGGGGGGGGGOOOOOOOOOOO
GGGGGGGGGGGGGGOOOOOOOOOOO
GGGGGGGGGGGGGGOOOOOOOOOOO
GGGGGGGGGGGGGGOOOOOOOOOOO
GGGGGGGGGGGGGGOOOOOOOOOOO
GGGGGGGGGGGGGGOOOOOOOOOOO
MMMMMMMMMMMMMMMMMMMMMMMMM
JJJJJJJJJJJJJJFFFFFFFFFFF
JJJJJJJJJJJJJJFFFFFFFFFFF
LLLLLLLLLLLUYYYYYXXXXXXXX
SSSSSSSSSSPPPPPPPPPPPPPPP
QQQQQQQQQQQQHHHHHHVVVEEEE
ZZZZZZZZZZZZZBBKWCDDDDDDD
AAAAAAAAAAAAAAAAAAAAAAAAA
NNNNNNNNNNNNNNNNTRRRRRRRR
IIIIIIIIIIIIIIIIIIIIIIIII
IIIIIIIIIIIIIIIIIIIIIIIII
IIIIIIIIIIIIIIIIIIIIIIIII
IIIIIIIIIIIIIIIIIIIIIIIII
IIIIIIIIIIIIIIIIIIIIIIIII
Case #63: 
ZZZZZZZZZZZZZZZZZZZZZZZMM
QQQQQQQQQQQQQQQQQQQQQQQQQ
QQQQQQQQQQQQQQQQQQQQQQQQQ
QQQQQQQQQQQQQQQQQQQQQQQQQ
DDDDDDDDDDDDDDDDDDDDDUUUU
KKKKKKKKKKKKKKKKKKKKKKKKK
KKKKKKKKKKKKKKKKKKKKKKKKK
HHHHHHHHHHHHHHHHHHHHHHHHH
HHHHHHHHHHHHHHHHHHHHHHHHH
GGGGGGGGGGGGGGGGGGGGGGGGG
RRRRRRRRRRRRRRRRRRROOOOOO
PPPPPPPPPPTTJJJJJJJJXXXXX
PPPPPPPPPPTTJJJJJJJJXXXXX
SSSSSSSSSSCCCCCCCCCCVVVVV
SSSSSSSSSSCCCCCCCCCCVVVVV
NNNNNNNNNNNNNNNNNNNNNNNNN
IIIIIIIIIIIIIIIIIIIIIIIII
BBBBBBBBBBBBBBBBBBBBBBBBB
AAAAAAAAAAAAAAAAAAAAAAEEE
YYYYYYYYYYYYYYYYYYYYYYYYY
LLLLLLLLLLLLLLLLLLLLLLLLL
LLLLLLLLLLLLLLLLLLLLLLLLL
FFFFFFFFFFFFFFFFFFFFFFFFF
WWWWWWWWWWWWWWWWWWWWWWWWW
WWWWWWWWWWWWWWWWWWWWWWWWW
Case #64: 
HHHHHHHHHHHHHHHHHHHHHHHHH
IIIIIIIIIIIIIIIIIIIIIIAAA
EEEEEEEEEEEEEEEEEEEEEEEEE
BBBBBBBBBBBBBBBBBBBBBBBBB
KKKKKKKKKKTTTTTTTTTTTTTTT
KKKKKKKKKKTTTTTTTTTTTTTTT
MMMMMMMMMMMMMMMMMMMMMMMMM
DDDDDDDDDDDDDDDDDDDDDDDDD
DDDDDDDDDDDDDDDDDDDDDDDDD
ZZZZZZZZZZZZZZZZZZZZVVVVV
WWWWWWWWWWWWWWWWWFFFFFFFF
YYYYYYYYYYYYYYPPPPPPPPPPP
YYYYYYYYYYYYYYPPPPPPPPPPP
YYYYYYYYYYYYYYPPPPPPPPPPP
GGGGGNNLLLLLLLLLLLLLQQQQQ
CCCCCCCCCCCCCCCCCCCCCCCXX
CCCCCCCCCCCCCCCCCCCCCCCXX
CCCCCCCCCCCCCCCCCCCCCCCXX
OOOOOOOOOOOOOOOOOOOOOOOOO
OOOOOOOOOOOOOOOOOOOOOOOOO
SSSSSSSSSSSSSSSSSSSSSSSSS
SSSSSSSSSSSSSSSSSSSSSSSSS
RRRRRRRRRRRRRRRRRRRRRRRRR
RRRRRRRRRRRRRRRRRRRRRRRRR
UUUUUUUUUUUUUUUUUJJJJJJJJ
Case #65: 
AAAAAAAAAAAAAAAAAAAAAAAAA
BBBBBBBBBBBBBBBBBBBBBBBBB
CCCCCCCCCCCCCCCCCCCCCCCCC
DDDDDDDDDDDDDDDDDDDDDDDDD
EEEEEEEEEEEEEEEEEEEEEEEEE
FFFFFFFFFFFFFFFFFFFFFFFFF
GGGGGGGGGGGGGGGGGGGGGGGGG
HHHHHHHHHHHHHHHHHHHHHHHHH
IIIIIIIIIIIIIIIIIIIIIIIII
JJJJJJJJJJJJJJJJJJJJJJJJJ
KKKKKKKKKKKKKKKKKKKKKKKKK
LLLLLLLLLLLLLLLLLLLLLLLLL
MMMMMMMMMMMMMMMMMMMMMMMMM
NNNNNNNNNNNNNNNNNNNNNNNNN
OOOOOOOOOOOOOOOOOOOOOOOOO
PPPPPPPPPPPPPPPPPPPPPPPPP
QQQQQQQQQQQQQQQQQQQQQQQQQ
RRRRRRRRRRRRRRRRRRRRRRRRR
SSSSSSSSSSSSSSSSSSSSSSSSS
TTTTTTTTTTTTTTTTTTTTTTTTT
UUUUUUUUUUUUUUUUUUUUUUUUU
VVVVVVVVVVVVVVVVVVVVVVVVV
WWWWWWWWWWWWWWWWWWWWWWWWW
XXXXXXXXXXXXXXXXXXXXXXXXX
YYYYYYYYYYYYYYYYYYYYYYYYY
Case #66: 
AAAAAAAAAAAAAAAAAAAAAALLL
QQQQQQQQQQQQQQQQQQQQQQKKK
VVVVVVVVVVVVVVVVVVVVVSSSN
MMMMMMMMMMMMMMMMMMMMBZZZZ
IIIIIIIIIIIIIIIIIIIIIIIII
HHHHHHHHHHHHHHHHHFFFFFFFF
YYYYYYYYYYYYYYYYYYYYYYYYO
EEEEEEEEEEEEEEEEEEEEEEETJ
XXXXXXXXXXXXXXXXXXXXXDDDD
UUUUUUUUUUUUUUUUUUUUUUUUU
PPPPPPPPPPPPPPPPPPPPPPPPP
RRRRRRRRRRRRRRRRRRRRRRRWW
RRRRRRRRRRRRRRRRRRRRRRRWW
GGGGGGGGGGGGGGGGGGGGGGGCC
GGGGGGGGGGGGGGGGGGGGGGGCC
GGGGGGGGGGGGGGGGGGGGGGGCC
GGGGGGGGGGGGGGGGGGGGGGGCC
GGGGGGGGGGGGGGGGGGGGGGGCC
GGGGGGGGGGGGGGGGGGGGGGGCC
GGGGGGGGGGGGGGGGGGGGGGGCC
GGGGGGGGGGGGGGGGGGGGGGGCC
GGGGGGGGGGGGGGGGGGGGGGGCC
GGGGGGGGGGGGGGGGGGGGGGGCC
GGGGGGGGGGGGGGGGGGGGGGGCC
GGGGGGGGGGGGGGGGGGGGGGGCC
Case #67: 
ABCDEFGHIJKLMNOPQRSTUVWXY
ABCDEFGHIJKLMNOPQRSTUVWXY
ABCDEFGHIJKLMNOPQRSTUVWXY
ABCDEFGHIJKLMNOPQRSTUVWXY
ABCDEFGHIJKLMNOPQRSTUVWXY
ABCDEFGHIJKLMNOPQRSTUVWXY
ABCDEFGHIJKLMNOPQRSTUVWXY
ABCDEFGHIJKLMNOPQRSTUVWXY
ABCDEFGHIJKLMNOPQRSTUVWXY
ABCDEFGHIJKLMNOPQRSTUVWXY
ABCDEFGHIJKLMNOPQRSTUVWXY
ABCDEFGHIJKLMNOPQRSTUVWXY
ABCDEFGHIJKLMNOPQRSTUVWXY
ABCDEFGHIJKLMNOPQRSTUVWXY
ABCDEFGHIJKLMNOPQRSTUVWXY
ABCDEFGHIJKLMNOPQRSTUVWXY
ABCDEFGHIJKLMNOPQRSTUVWXY
ABCDEFGHIJKLMNOPQRSTUVWXY
ABCDEFGHIJKLMNOPQRSTUVWXY
ABCDEFGHIJKLMNOPQRSTUVWXY
ABCDEFGHIJKLMNOPQRSTUVWXY
ABCDEFGHIJKLMNOPQRSTUVWXY
ABCDEFGHIJKLMNOPQRSTUVWXY
ABCDEFGHIJKLMNOPQRSTUVWXY
ABCDEFGHIJKLMNOPQRSTUVWXY
Case #68: 
EEEEEEEEEEEEEEEEEEEEEEEEE
EEEEEEEEEEEEEEEEEEEEEEEEE
EEEEEEEEEEEEEEEEEEEEEEEEE
EEEEEEEEEEEEEEEEEEEEEEEEE
EEEEEEEEEEEEEEEEEEEEEEEEE
EEEEEEEEEEEEEEEEEEEEEEEEE
EEEEEEEEEEEEEEEEEEEEEEEEE
EEEEEEEEEEEEEEEEEEEEEEEEE
EEEEEEEEEEEEEEEEEEEEEEEEE
EEEEEEEEEEEEEEEEEEEEEEEEE
EEEEEEEEEEEEEEEEEEEEEEEEE
EEEEEEEEEEEEEEEEEEEEEEEEE
EEEEEEEEEEEEEEEEEEEEEEEEE
EEEEEEEEEEEEEEEEEEEEEEEEE
EEEEEEEEEEEEEEEEEEEEEEEEE
EEEEEEEEEEEEEEEEEEEEEEEEE
VVVVVVVVVVIIIIIIIIIIIIIII
VVVVVVVVVVIIIIIIIIIIIIIII
MMMMMMMMMXXXHHHHHHHHHHHHH
BBBBBBWSSSSSKKKKKKKKKKKKK
NNNNNNQZFFFCCRYYYYYYYYYYY
UUUUUUUJGLAAAAAAAAAAAAAAA
OOOOOOOOOOOOPPPPPPPPPPPPP
DDDDDDDDDDDDDDDDDDDDDDDDD
TTTTTTTTTTTTTTTTTTTTTTTTT
Case #69: 
IIIIIIIIIIIIIIIIIIIIIIIII
IIIIIIIIIIIIIIIIIIIIIIIII
DDDDDDDDDDDDDDDDDDDDDDDDD
DDDDDDDDDDDDDDDDDDDDDDDDD
OOOOOOOOOOOOOOOOOOOOOOOOO
NNNNNNNNNNNNNNNNNNNNNLLLL
GGGGGGGGGGGGGTTTTTTTTTTTT
HHHHHHHHHHHHHHHHCCCCCCCCC
JJJJJJJJJJJJJJJJJJJJJJJUU
JJJJJJJJJJJJJJJJJJJJJJJUU
RRRRRRRRRRRRRRRRRRRRRRRRR
RRRRRRRRRRRRRRRRRRRRRRRRR
WWWWWWWWWWEEEEEEEEEEEEQQQ
FFFFFFFFFFFFFFFFFFFFFFFFS
FFFFFFFFFFFFFFFFFFFFFFFFS
FFFFFFFFFFFFFFFFFFFFFFFFS
VVVVVVVVVVVVVVVVVVVVVVVVV
KKKKKKKKKKKKKKKKKKKPPPXXX
KKKKKKKKKKKKKKKKKKKPPPXXX
KKKKKKKKKKKKKKKKKKKPPPXXX
KKKKKKKKKKKKKKKKKKKPPPXXX
YYYYYYYYYYYYYYYYYYYYYYZZZ
BBBBBBBBBBBBBBBBBBBBBBBBB
MMMMMMMMMMMMMMMMMMMMMMMMM
AAAAAAAAAAAAAAAAAAAAAAAAA
Case #70: 
ABCDEFGHIJKLMNOPQRSTUVWXY
ABCDEFGHIJKLMNOPQRSTUVWXY
ABCDEFGHIJKLMNOPQRSTUVWXY
ABCDEFGHIJKLMNOPQRSTUVWXY
ABCDEFGHIJKLMNOPQRSTUVWXY
ABCDEFGHIJKLMNOPQRSTUVWXY
ABCDEFGHIJKLMNOPQRSTUVWXY
ABCDEFGHIJKLMNOPQRSTUVWXY
ABCDEFGHIJKLMNOPQRSTUVWXY
ABCDEFGHIJKLMNOPQRSTUVWXY
ABCDEFGHIJKLMNOPQRSTUVWXY
ABCDEFGHIJKLMNOPQRSTUVWXY
ABCDEFGHIJKLMNOPQRSTUVWXY
ABCDEFGHIJKLMNOPQRSTUVWXY
ABCDEFGHIJKLMNOPQRSTUVWXY
ABCDEFGHIJKLMNOPQRSTUVWXY
ABCDEFGHIJKLMNOPQRSTUVWXY
ABCDEFGHIJKLMNOPQRSTUVWXY
ABCDEFGHIJKLMNOPQRSTUVWXY
ABCDEFGHIJKLMNOPQRSTUVWXY
ABCDEFGHIJKLMNOPQRSTUVWXY
ABCDEFGHIJKLMNOPQRSTUVWXY
ABCDEFGHIJKLMNOPQRSTUVWXY
ABCDEFGHIJKLMNOPQRSTUVWXY
ABCDEFGHIJKLMNOPQRSTUVWXY
Case #71: 
AAAAAAAAAAAAAAAAAAAAAAAAA
BBBBBBBBBBBBBBBBBBBBBBBBB
CCCCCCCCCCCCCCCCCCCCCCCCC
DDDDDDDDDDDDDDDDDDDDDDDDD
EEEEEEEEEEEEEEEEEEEEEEEEE
FFFFFFFFFFFFFFFFFFFFFFFFF
GGGGGGGGGGGGGGGGGGGGGGGGG
HHHHHHHHHHHHHHHHHHHHHHHHH
IIIIIIIIIIIIIIIIIIIIIIIII
JJJJJJJJJJJJJJJJJJJJJJJJJ
KKKKKKKKKKKKKKKKKKKKKKKKK
LLLLLLLLLLLLLLLLLLLLLLLLL
MMMMMMMMMMMMMMMMMMMMMMMMM
NNNNNNNNNNNNNNNNNNNNNNNNN
OOOOOOOOOOOOOOOOOOOOOOOOO
PPPPPPPPPPPPPPPPPPPPPPPPP
QQQQQQQQQQQQQQQQQQQQQQQQQ
RRRRRRRRRRRRRRRRRRRRRRRRR
SSSSSSSSSSSSSSSSSSSSSSSSS
TTTTTTTTTTTTTTTTTTTTTTTTT
UUUUUUUUUUUUUUUUUUUUUUUUU
VVVVVVVVVVVVVVVVVVVVVVVVV
WWWWWWWWWWWWWWWWWWWWWWWWW
XXXXXXXXXXXXXXXXXXXXXXXXX
YYYYYYYYYYYYYYYYYYYYYYYYY
Case #72: 
GGGGGGGGGGGGGGGGGGGGGGXXX
GGGGGGGGGGGGGGGGGGGGGGXXX
GGGGGGGGGGGGGGGGGGGGGGXXX
GGGGGGGGGGGGGGGGGGGGGGXXX
WWWWWWWWJJJJJJJJJJJJJJJJJ
WWWWWWWWJJJJJJJJJJJJJJJJJ
IIIIIIIIIIIIIIIIIIIIIIIII
IIIIIIIIIIIIIIIIIIIIIIIII
EEEEEEEEEEEEEEEEEEEEEEETT
LLLLLLLLLLLLLLLLLLLLLLLLL
YYYYYYYYYYYYYYYYBBBBBBBBB
KKKKKKKKKKKKKKKKKKKKKKKKK
CCCCCCCCCCCCCCCCCCCCCCCCC
PPPPPPPPPPPPPPPPPPPPPPPPP
PPPPPPPPPPPPPPPPPPPPPPPPP
QQQQQQQQQQQQQQQQQQQQMMMMN
AAAAAAAAAAAAAAAAAAAAAAAAA
RRRRRRRRRRRRRRRRRRRRRRRRR
RRRRRRRRRRRRRRRRRRRRRRRRR
HHHHHHHHHHHHHHHHHHHHHHHHH
HHHHHHHHHHHHHHHHHHHHHHHHH
DDDDDDDDDDDDDDDDDDDDDDDDD
OOOOOOOOOOOOOOOOOOOOOOOVV
UUUUUUUUUUUUUUUUUUUUUUUSS
ZZZZZZZZZZFFFFFFFFFFFFFFF
Case #73: 
AAA
AAA
AAA
AAA
Case #74: 
A
A
Case #75: 
A
B
Case #76: 
GGA
CCE
BDF
Case #77: 
F
D
D
M
M
M
H
H
C
G
E
B
B
K
K
K
K
I
A
A
J
J
L
L
L
Case #78: 
AAACCCCCCCCCCCCCCCCCCCCCC
AAACCCCCCCCCCCCCCCCCCCCCC
AAACCCCCCCCCCCCCCCCCCCCCC
AAACCCCCCCCCCCCCCCCCCCCCC
AAACCCCCCCCCCCCCCCCCCCCCC
AAACCCCCCCCCCCCCCCCCCCCCC
AAACCCCCCCCCCCCCCCCCCCCCC
AAACCCCCCCCCCCCCCCCCCCCCC
AAACCCCCCCCCCCCCCCCCCCCCC
AAACCCCCCCCCCCCCCCCCCCCCC
AAACCCCCCCCCCCCCCCCCCCCCC
AAACCCCCCCCCCCCCCCCCCCCCC
AAACCCCCCCCCCCCCCCCCCCCCC
AAACCCCCCCCCCCCCCCCCCCCCC
AAACCCCCCCCCCCCCCCCCCCCCC
AAACCCCCCCCCCCCCCCCCCCCCC
AAACCCCCCCCCCCCCCCCCCCCCC
AAACCCCCCCCCCCCCCCCCCCCCC
AAACCCCCCCCCCCCCCCCCCCCCC
EEEEEEEEEEEEEEEEEEEEEEEEE
BBBBDDDDDDDDDDDDDDDDDDDDD
BBBBDDDDDDDDDDDDDDDDDDDDD
BBBBDDDDDDDDDDDDDDDDDDDDD
BBBBDDDDDDDDDDDDDDDDDDDDD
BBBBDDDDDDDDDDDDDDDDDDDDD
Case #79: 
ABCDEFGHIJKLMNOPQRSTUVWXY
ABCDEFGHIJKLMNOPQRSTUVWXY
ABCDEFGHIJKLMNOPQRSTUVWXY
ABCDEFGHIJKLMNOPQRSTUVWXY
ABCDEFGHIJKLMNOPQRSTUVWXY
ABCDEFGHIJKLMNOPQRSTUVWXY
ABCDEFGHIJKLMNOPQRSTUVWXY
ABCDEFGHIJKLMNOPQRSTUVWXY
ABCDEFGHIJKLMNOPQRSTUVWXY
ABCDEFGHIJKLMNOPQRSTUVWXY
ABCDEFGHIJKLMNOPQRSTUVWXY
ABCDEFGHIJKLMNOPQRSTUVWXY
ABCDEFGHIJKLMNOPQRSTUVWXY
ABCDEFGHIJKLMNOPQRSTUVWXY
ABCDEFGHIJKLMNOPQRSTUVWXY
ABCDEFGHIJKLMNOPQRSTUVWXY
ABCDEFGHIJKLMNOPQRSTUVWXY
ABCDEFGHIJKLMNOPQRSTUVWXY
ABCDEFGHIJKLMNOPQRSTUVWXY
ABCDEFGHIJKLMNOPQRSTUVWXY
ABCDEFGHIJKLMNOPQRSTUVWXY
ABCDEFGHIJKLMNOPQRSTUVWXY
ABCDEFGHIJKLMNOPQRSTUVWXY
ABCDEFGHIJKLMNOPQRSTUVWXY
ABCDEFGHIJKLMNOPQRSTUVWXY
Case #80: 
AAAAAAAAAAAAAAAAAAAAAAAAA
BBBBBBBBBBBBBBBBBBBBBBBBB
CCCCCCCCCCCCCCCCCCCCCCCCC
DDDDDDDDDDDDDDDDDDDDDDDDD
EEEEEEEEEEEEEEEEEEEEEEEEE
FFFFFFFFFFFFFFFFFFFFFFFFF
GGGGGGGGGGGGGGGGGGGGGGGGG
HHHHHHHHHHHHHHHHHHHHHHHHH
IIIIIIIIIIIIIIIIIIIIIIIII
JJJJJJJJJJJJJJJJJJJJJJJJJ
KKKKKKKKKKKKKKKKKKKKKKKKK
LLLLLLLLLLLLLLLLLLLLLLLLL
MMMMMMMMMMMMMMMMMMMMMMMMM
NNNNNNNNNNNNNNNNNNNNNNNNN
OOOOOOOOOOOOOOOOOOOOOOOOO
PPPPPPPPPPPPPPPPPPPPPPPPP
QQQQQQQQQQQQQQQQQQQQQQQQQ
RRRRRRRRRRRRRRRRRRRRRRRRR
SSSSSSSSSSSSSSSSSSSSSSSSS
TTTTTTTTTTTTTTTTTTTTTTTTT
UUUUUUUUUUUUUUUUUUUUUUUUU
VVVVVVVVVVVVVVVVVVVVVVVVV
WWWWWWWWWWWWWWWWWWWWWWWWW
XXXXXXXXXXXXXXXXXXXXXXXXX
YYYYYYYYYYYYYYYYYYYYYYYYY
Case #81: 
AAAAAAAAACCCCCCCCCCCCCCCC
AAAAAAAAACCCCCCCCCCCCCCCC
AAAAAAAAACCCCCCCCCCCCCCCC
AAAAAAAAACCCCCCCCCCCCCCCC
EEEEEEEEEEEEEEEEEEEEEEEEE
BBBBBBBBBBDDDDDDDDDDDDDDD
BBBBBBBBBBDDDDDDDDDDDDDDD
BBBBBBBBBBDDDDDDDDDDDDDDD
BBBBBBBBBBDDDDDDDDDDDDDDD
FFFFFFFFFFFFFFFFFFFFGGGGG
FFFFFFFFFFFFFFFFFFFFGGGGG
FFFFFFFFFFFFFFFFFFFFGGGGG
FFFFFFFFFFFFFFFFFFFFGGGGG
FFFFFFFFFFFFFFFFFFFFGGGGG
HHHHHHHHHHHHHHHHHHHHHHHHH
IIIIIIIIIIIIIIIIIIIIIIIII
JJJJJJJJJJJJJJJJJJJJJJJJJ
JJJJJJJJJJJJJJJJJJJJJJJJJ
JJJJJJJJJJJJJJJJJJJJJJJJJ
JJJJJJJJJJJJJJJJJJJJJJJJJ
JJJJJJJJJJJJJJJJJJJJJJJJJ
JJJJJJJJJJJJJJJJJJJJJJJJJ
JJJJJJJJJJJJJJJJJJJJJJJJJ
JJJJJJJJJJJJJJJJJJJJJJJJJ
JJJJJJJJJJJJJJJJJJJJJJJJJ
Case #82: 
VVVVVVVVVVVVVVVVVVVVVVVVV
ZZZZZZZZWWWWWWWWWWWWWWWWW
GGGGGGGGGGGGGGGGGGGGGGGGG
DDDDDDDDDDDDDDDDDDDDDDDDD
MMMMMMMMMMMMMMMMMMMMMMMMM
QQQQQQQQQQQQQQQQQQQQQQQQQ
FFFFFFFFFFFFFFFFFFFFFFFFF
PPKKKKEEEEEEEEEEEEEEEEEEI
TTTTTTTTTTTTTTTTTTTTTTTTT
RRRRRRRRRRRRRRRRRRRRRRRRR
RRRRRRRRRRRRRRRRRRRRRRRRR
HHHHHHHHHHHHHHHHHHHHHHHHH
HHHHHHHHHHHHHHHHHHHHHHHHH
YYYYYYYYYYYYYYYYYYYYYYYYY
YYYYYYYYYYYYYYYYYYYYYYYYY
YYYYYYYYYYYYYYYYYYYYYYYYY
YYYYYYYYYYYYYYYYYYYYYYYYY
SSSSSSSSSSSSSSSSCCCCCCCCC
AAAAAAAAAAAAAAAAAAAAAAAAA
UUUUUUUUUUUUUUUUUUUUUUUUU
JJJJJJJJJJJJJJJJNNNNNNNNX
BBBBBBBBBBBBBBBBBBBOOOOOO
LLLLLLLLLLLLLLLLLLLLLLLLL
LLLLLLLLLLLLLLLLLLLLLLLLL
LLLLLLLLLLLLLLLLLLLLLLLLL
Case #83: 
AAAAAACCCCCCCCCCCCCCCCCCC
AAAAAACCCCCCCCCCCCCCCCCCC
AAAAAACCCCCCCCCCCCCCCCCCC
AAAAAACCCCCCCCCCCCCCCCCCC
AAAAAACCCCCCCCCCCCCCCCCCC
AAAAAACCCCCCCCCCCCCCCCCCC
AAAAAACCCCCCCCCCCCCCCCCCC
EEEEEEEEEEEEEEEEEEEEEEEEE
BBBBBBBDDDDDDDDDDDDDDDDDD
BBBBBBBDDDDDDDDDDDDDDDDDD
BBBBBBBDDDDDDDDDDDDDDDDDD
BBBBBBBDDDDDDDDDDDDDDDDDD
FFFFFFFFFFFFFFFFFFFFGGGGG
FFFFFFFFFFFFFFFFFFFFGGGGG
FFFFFFFFFFFFFFFFFFFFGGGGG
FFFFFFFFFFFFFFFFFFFFGGGGG
FFFFFFFFFFFFFFFFFFFFGGGGG
FFFFFFFFFFFFFFFFFFFFGGGGG
FFFFFFFFFFFFFFFFFFFFGGGGG
FFFFFFFFFFFFFFFFFFFFGGGGG
HHHHHHHHHHHHHHHHHHHHHHHHH
IIIIIIIIIIIIIIIIIIIIIIIII
JJJJJJJJJJJJJJJJJJJJJJJJJ
JJJJJJJJJJJJJJJJJJJJJJJJJ
JJJJJJJJJJJJJJJJJJJJJJJJJ
Case #84: 
AAAAAAABBBBBBBBBBBBBBBBBB
AAAAAAABBBBBBBBBBBBBBBBBB
AAAAAAABBBBBBBBBBBBBBBBBB
AAAAAAABBBBBBBBBBBBBBBBBB
AAAAAAABBBBBBBBBBBBBBBBBB
CCCCCCCCCCCCCCCCCCCCCCCCC
DDDDDDDDDDDDDDDDDDDDDDDDD
EEEEEEEEEEEEEEEEEEEEEEEEE
FFFFFFFFFFFFFFFFFFFFFHHHH
FFFFFFFFFFFFFFFFFFFFFHHHH
FFFFFFFFFFFFFFFFFFFFFHHHH
FFFFFFFFFFFFFFFFFFFFFHHHH
FFFFFFFFFFFFFFFFFFFFFHHHH
FFFFFFFFFFFFFFFFFFFFFHHHH
FFFFFFFFFFFFFFFFFFFFFHHHH
JJJJJJJJJJJJJJJJJJJJJJJJJ
GGGGGGGGGGGGGGGGGGGGGGIII
GGGGGGGGGGGGGGGGGGGGGGIII
GGGGGGGGGGGGGGGGGGGGGGIII
GGGGGGGGGGGGGGGGGGGGGGIII
GGGGGGGGGGGGGGGGGGGGGGIII
GGGGGGGGGGGGGGGGGGGGGGIII
GGGGGGGGGGGGGGGGGGGGGGIII
GGGGGGGGGGGGGGGGGGGGGGIII
GGGGGGGGGGGGGGGGGGGGGGIII
Case #85: 
AAAAAAACCCCCCCCCCCCCCCCCC
AAAAAAACCCCCCCCCCCCCCCCCC
AAAAAAACCCCCCCCCCCCCCCCCC
AAAAAAACCCCCCCCCCCCCCCCCC
AAAAAAACCCCCCCCCCCCCCCCCC
AAAAAAACCCCCCCCCCCCCCCCCC
AAAAAAACCCCCCCCCCCCCCCCCC
AAAAAAACCCCCCCCCCCCCCCCCC
AAAAAAACCCCCCCCCCCCCCCCCC
AAAAAAACCCCCCCCCCCCCCCCCC
AAAAAAACCCCCCCCCCCCCCCCCC
AAAAAAACCCCCCCCCCCCCCCCCC
EEEEEEEEEEEEEEEEEEEEEEEEE
BBBBBBBBDDDDDDDDDDDDDDDDD
BBBBBBBBDDDDDDDDDDDDDDDDD
BBBBBBBBDDDDDDDDDDDDDDDDD
BBBBBBBBDDDDDDDDDDDDDDDDD
BBBBBBBBDDDDDDDDDDDDDDDDD
BBBBBBBBDDDDDDDDDDDDDDDDD
BBBBBBBBDDDDDDDDDDDDDDDDD
BBBBBBBBDDDDDDDDDDDDDDDDD
BBBBBBBBDDDDDDDDDDDDDDDDD
BBBBBBBBDDDDDDDDDDDDDDDDD
BBBBBBBBDDDDDDDDDDDDDDDDD
BBBBBBBBDDDDDDDDDDDDDDDDD
Case #86: 
ABCDEFGHIJKLMNOPQRSTUVWXY
ABCDEFGHIJKLMNOPQRSTUVWXY
ABCDEFGHIJKLMNOPQRSTUVWXY
ABCDEFGHIJKLMNOPQRSTUVWXY
ABCDEFGHIJKLMNOPQRSTUVWXY
ABCDEFGHIJKLMNOPQRSTUVWXY
ABCDEFGHIJKLMNOPQRSTUVWXY
ABCDEFGHIJKLMNOPQRSTUVWXY
ABCDEFGHIJKLMNOPQRSTUVWXY
ABCDEFGHIJKLMNOPQRSTUVWXY
ABCDEFGHIJKLMNOPQRSTUVWXY
ABCDEFGHIJKLMNOPQRSTUVWXY
ABCDEFGHIJKLMNOPQRSTUVWXY
ABCDEFGHIJKLMNOPQRSTUVWXY
ABCDEFGHIJKLMNOPQRSTUVWXY
ABCDEFGHIJKLMNOPQRSTUVWXY
ABCDEFGHIJKLMNOPQRSTUVWXY
ABCDEFGHIJKLMNOPQRSTUVWXY
ABCDEFGHIJKLMNOPQRSTUVWXY
ABCDEFGHIJKLMNOPQRSTUVWXY
ABCDEFGHIJKLMNOPQRSTUVWXY
ABCDEFGHIJKLMNOPQRSTUVWXY
ABCDEFGHIJKLMNOPQRSTUVWXY
ABCDEFGHIJKLMNOPQRSTUVWXY
ABCDEFGHIJKLMNOPQRSTUVWXY
Case #87: 
BC
DA
Case #88: 
AA
Case #89: 
TTTTTTTTTTTTTTTTTTTTTTTTT
TTTTTTTTTTTTTTTTTTTTTTTTT
TTTTTTTTTTTTTTTTTTTTTTTTT
TTTTTTTTTTTTTTTTTTTTTTTTT
TTTTTTTTTTTTTTTTTTTTTTTTT
TTTTTTTTTTTTTTTTTTTTTTTTT
TTTTTTTTTTTTTTTTTTTTTTTTT
TTTTTTTTTTTTTTTTTTTTTTTTT
TTTTTTTTTTTTTTTTTTTTTTTTT
TTTTTTTTTTTTTTTTTTTTTTTTT
TTTTTTTTTTTTTTTTTTTTTTTTT
TTTTTTTTTTTTTTTTTTTTTTTTT
TTTTTTTTTTTTTTTTTTTTTTTTT
TTTTTTTTTTTTTTTTTTTTTTTTT
TTTTTTTTTTTTTTTTTTTTTTTTT
TTTTTTTTTTTTTTTTTTTTTTTTT
OOOOOOOOOOOOOOOOOOOOOOOOO
GGGGGGGGGGGFCCCCCCCCCCCCC
ZZZZZZZZZZZZUUUUUUUUUUUUU
KKKKKKKKKKKHHHJJEEEEEEEEE
WWWWWWBBBBBAAAARRRRRRRRRR
YYYYYYYYYYYYYYYYYYYYYYYYY
IIIIISSVVVVVVVVVVVVVVVVVV
LLLLLLLLMQQQQQQQXXXXXXXXX
PPPPPPPPDNNNNNNNNNNNNNNNN
Case #90: 
ZZZZZZZZZZZZZZZZZZZZZZZZZ
KKKKKKKKKKKKKKKKKKKKKKKKK
DDDDDDDDDDDDDDDDDDDDDDDDD
JJJJJJJJJJJJJJJJJJJJJJJJJ
JJJJJJJJJJJJJJJJJJJJJJJJJ
NNNNNNNNNNNNNRRRRRRRRPPPP
MMMMMMMMMMMMMMMMMMMMMMMMM
MMMMMMMMMMMMMMMMMMMMMMMMM
MMMMMMMMMMMMMMMMMMMMMMMMM
FFFFFFFFFFFFFFFFFFFFFFFFF
OOOOOOOOOOOOOOOOOOOLLLLLL
CCCCCCCCCCCCCCCCCCCCCCCCC
WWWWWWWWWWWWWWWWWWWWWHHHH
SSSSSSSSSSSSSSSSSSSSSSSSS
SSSSSSSSSSSSSSSSSSSSSSSSS
SSSSSSSSSSSSSSSSSSSSSSSSS
BBBBBBBBBBBBBBBBBBBBTTTTT
EEEEEEEEEEEEEEEEEEEEEEEEE
YYYYYYYYYYYYYYYYYYAAAAAAA
IIIIIUUUUUUVVVVVVVVQQQQQQ
GGGGGGGGGGGGGGGGGGGGGGGGG
GGGGGGGGGGGGGGGGGGGGGGGGG
XXXXXXXXXXXXXXXXXXXXXXXXX
XXXXXXXXXXXXXXXXXXXXXXXXX
XXXXXXXXXXXXXXXXXXXXXXXXX
Case #91: 
CCCJH
BAKFG
DDIEE
Case #92: 
AABBCCDDEEFFGGHHIIJJKKLLM
NNNOOPPQQRRSSTTUUVVWWXXYY
ZZZZZZZZZZZZZZZZZZZZZZZZZ
ZZZZZZZZZZZZZZZZZZZZZZZZZ
ZZZZZZZZZZZZZZZZZZZZZZZZZ
ZZZZZZZZZZZZZZZZZZZZZZZZZ
ZZZZZZZZZZZZZZZZZZZZZZZZZ
ZZZZZZZZZZZZZZZZZZZZZZZZZ
ZZZZZZZZZZZZZZZZZZZZZZZZZ
ZZZZZZZZZZZZZZZZZZZZZZZZZ
ZZZZZZZZZZZZZZZZZZZZZZZZZ
ZZZZZZZZZZZZZZZZZZZZZZZZZ
ZZZZZZZZZZZZZZZZZZZZZZZZZ
ZZZZZZZZZZZZZZZZZZZZZZZZZ
ZZZZZZZZZZZZZZZZZZZZZZZZZ
ZZZZZZZZZZZZZZZZZZZZZZZZZ
ZZZZZZZZZZZZZZZZZZZZZZZZZ
ZZZZZZZZZZZZZZZZZZZZZZZZZ
ZZZZZZZZZZZZZZZZZZZZZZZZZ
ZZZZZZZZZZZZZZZZZZZZZZZZZ
ZZZZZZZZZZZZZZZZZZZZZZZZZ
ZZZZZZZZZZZZZZZZZZZZZZZZZ
ZZZZZZZZZZZZZZZZZZZZZZZZZ
ZZZZZZZZZZZZZZZZZZZZZZZZZ
ZZZZZZZZZZZZZZZZZZZZZZZZZ
Case #93: 
ZZZZZZZZZZZZZZZZZZZZNNXXX
ZZZZZZZZZZZZZZZZZZZZNNXXX
ZZZZZZZZZZZZZZZZZZZZNNXXX
ZZZZZZZZZZZZZZZZZZZZNNXXX
ZZZZZZZZZZZZZZZZZZZZNNXXX
ZZZZZZZZZZZZZZZZZZZZNNXXX
ZZZZZZZZZZZZZZZZZZZZNNXXX
ZZZZZZZZZZZZZZZZZZZZNNXXX
SSSSSSSSSSSSSSSSSSSSSFFFF
VVVVVVVVVVVVVVVVVVVVVVVVV
KKKKKKKKKKKKKKKKKKKKKKKKK
RRRRRRRRRRRRRRRRRRRRRRRRR
BBBBBBBBBBBBBBBBBBBBBBBBB
LLLLLLLLLLLLLQQQQQQQQQQQQ
WWWWWWWWWWWWWWWWWWWWWWWOO
DDDDDDDDDDDDDDDDDYYEEMMMT
GGGGGGGGGGGGGGGGGGGGGGGGG
IIIIIIIIIIIIIIIIIIIIHHHHC
AAAAAAAAAAAAAAAAAAAAAAAAA
UUUUUUUUUUUUUUUUUUUJJJJJJ
PPPPPPPPPPPPPPPPPPPPPPPPP
PPPPPPPPPPPPPPPPPPPPPPPPP
PPPPPPPPPPPPPPPPPPPPPPPPP
PPPPPPPPPPPPPPPPPPPPPPPPP
PPPPPPPPPPPPPPPPPPPPPPPPP
Case #94: 
AAAAAAAAAAAAAAAAAACCCCCCC
AAAAAAAAAAAAAAAAAACCCCCCC
AAAAAAAAAAAAAAAAAACCCCCCC
AAAAAAAAAAAAAAAAAACCCCCCC
AAAAAAAAAAAAAAAAAACCCCCCC
AAAAAAAAAAAAAAAAAACCCCCCC
AAAAAAAAAAAAAAAAAACCCCCCC
AAAAAAAAAAAAAAAAAACCCCCCC
AAAAAAAAAAAAAAAAAACCCCCCC
AAAAAAAAAAAAAAAAAACCCCCCC
AAAAAAAAAAAAAAAAAACCCCCCC
AAAAAAAAAAAAAAAAAACCCCCCC
AAAAAAAAAAAAAAAAAACCCCCCC
AAAAAAAAAAAAAAAAAACCCCCCC
EEEEEEEEEEEEEEEEEEEEEEEEE
BBBBBBBBBBBBBBBBBBBDDDDDD
BBBBBBBBBBBBBBBBBBBDDDDDD
BBBBBBBBBBBBBBBBBBBDDDDDD
BBBBBBBBBBBBBBBBBBBDDDDDD
BBBBBBBBBBBBBBBBBBBDDDDDD
BBBBBBBBBBBBBBBBBBBDDDDDD
BBBBBBBBBBBBBBBBBBBDDDDDD
BBBBBBBBBBBBBBBBBBBDDDDDD
BBBBBBBBBBBBBBBBBBBDDDDDD
BBBBBBBBBBBBBBBBBBBDDDDDD
Case #95: 
KKKRDG
JNPPPO
CLLLLI
AAABBB
HHQEEE
MMMFFF
Case #96: 
BBBB
JJJE
AIDF
GGGC
HHHH
HHHH
Case #97: 
AAAAAAAAACCCCCCCCCCCCCCCC
AAAAAAAAACCCCCCCCCCCCCCCC
AAAAAAAAACCCCCCCCCCCCCCCC
AAAAAAAAACCCCCCCCCCCCCCCC
AAAAAAAAACCCCCCCCCCCCCCCC
AAAAAAAAACCCCCCCCCCCCCCCC
EEEEEEEEEEEEEEEEEEEEEEEEE
BBBBBBBBBBDDDDDDDDDDDDDDD
BBBBBBBBBBDDDDDDDDDDDDDDD
BBBBBBBBBBDDDDDDDDDDDDDDD
BBBBBBBBBBDDDDDDDDDDDDDDD
FFFFFFFFFFFFFFFFFFFFFFGGG
FFFFFFFFFFFFFFFFFFFFFFGGG
FFFFFFFFFFFFFFFFFFFFFFGGG
HHHHHHHHHHHHHHHHHHHHHHHHH
IIIIIIIIIIIIIIIIIIIIIIIII
JJJJJJJJJJJJJJJJJJJJJJJJJ
JJJJJJJJJJJJJJJJJJJJJJJJJ
JJJJJJJJJJJJJJJJJJJJJJJJJ
JJJJJJJJJJJJJJJJJJJJJJJJJ
JJJJJJJJJJJJJJJJJJJJJJJJJ
JJJJJJJJJJJJJJJJJJJJJJJJJ
JJJJJJJJJJJJJJJJJJJJJJJJJ
JJJJJJJJJJJJJJJJJJJJJJJJJ
JJJJJJJJJJJJJJJJJJJJJJJJJ
Case #98: 
AAAAAAAAAABBBBBBBBBBBBBBB
AAAAAAAAAABBBBBBBBBBBBBBB
AAAAAAAAAABBBBBBBBBBBBBBB
AAAAAAAAAABBBBBBBBBBBBBBB
AAAAAAAAAABBBBBBBBBBBBBBB
AAAAAAAAAABBBBBBBBBBBBBBB
AAAAAAAAAABBBBBBBBBBBBBBB
AAAAAAAAAABBBBBBBBBBBBBBB
AAAAAAAAAABBBBBBBBBBBBBBB
AAAAAAAAAABBBBBBBBBBBBBBB
CCCCCCCCCCCCCCCCCCCCCCCCC
DDDDDDDDDDDDDDDDDDDDDDDDD
EEEEEEEEEEEEEEEEEEEEEEEEE
EEEEEEEEEEEEEEEEEEEEEEEEE
EEEEEEEEEEEEEEEEEEEEEEEEE
EEEEEEEEEEEEEEEEEEEEEEEEE
EEEEEEEEEEEEEEEEEEEEEEEEE
EEEEEEEEEEEEEEEEEEEEEEEEE
EEEEEEEEEEEEEEEEEEEEEEEEE
EEEEEEEEEEEEEEEEEEEEEEEEE
EEEEEEEEEEEEEEEEEEEEEEEEE
EEEEEEEEEEEEEEEEEEEEEEEEE
EEEEEEEEEEEEEEEEEEEEEEEEE
EEEEEEEEEEEEEEEEEEEEEEEEE
EEEEEEEEEEEEEEEEEEEEEEEEE
Case #99: 
EEEEEEEEEEEEEEEEEEEEEEEEE
EEEEEEEEEEEEEEEEEEEEEEEEE
EEEEEEEEEEEEEEEEEEEEEEEEE
EEEEEEEEEEEEEEEEEEEEEEEEE
EEEEEEEEEEEEEEEEEEEEEEEEE
EEEEEEEEEEEEEEEEEEEEEEEEE
EEEEEEEEEEEEEEEEEEEEEEEEE
EEEEEEEEEEEEEEEEEEEEEEEEE
EEEEEEEEEEEEEEEEEEEEEEEEE
EEEEEEEEEEEEEEEEEEEEEEEEE
NNFFFFFFFFFFFFFFFFFFFFFFF
NNFFFFFFFFFFFFFFFFFFFFFFF
GLLLLLLLLLLLLLLLLLLLLLLLL
WWWIRRRRRRRRRRRRRRRRRRRRR
CCCSOMMMMMMMMMMMMMMMMMMMM
AAAAAAYYYYYYYYYYYYYYYYYYY
HHHHHDDDDDDDDDDDDDDDDDDDD
ZQUPPPPPPPPPPPPPPPPPPPPPP
BBBJVVVVVVVVVVVVVVVVVVVVV
TTXXXXXXXXXXXXXXXXXXXXXXX
KKKKKKKKKKKKKKKKKKKKKKKKK
KKKKKKKKKKKKKKKKKKKKKKKKK
KKKKKKKKKKKKKKKKKKKKKKKKK
KKKKKKKKKKKKKKKKKKKKKKKKK
KKKKKKKKKKKKKKKKKKKKKKKKK
Case #100: 
PP
BU
ZZ
RC
OO
AS
HH
HH
WD
EE
MK
QL
QL
GG
TT
TT
JX
YY
VV
VV
II
II
FN
FN
FN
